Component: ARM Compiler 5.06 update 7 (build 960) Tool: armlink [4d3601]

==============================================================================

Section Cross References

    startup_stm32f407xx.o(STACK) refers (Special) to heapauxi.o(.text) for __use_two_region_memory
    startup_stm32f407xx.o(HEAP) refers (Special) to heapauxi.o(.text) for __use_two_region_memory
    startup_stm32f407xx.o(RESET) refers (Special) to heapauxi.o(.text) for __use_two_region_memory
    startup_stm32f407xx.o(RESET) refers to startup_stm32f407xx.o(STACK) for __initial_sp
    startup_stm32f407xx.o(RESET) refers to startup_stm32f407xx.o(.text) for Reset_Handler
    startup_stm32f407xx.o(RESET) refers to stm32f4xx_it.o(i.NMI_Handler) for NMI_Handler
    startup_stm32f407xx.o(RESET) refers to stm32f4xx_it.o(i.HardFault_Handler) for HardFault_Handler
    startup_stm32f407xx.o(RESET) refers to stm32f4xx_it.o(i.MemManage_Handler) for MemManage_Handler
    startup_stm32f407xx.o(RESET) refers to stm32f4xx_it.o(i.BusFault_Handler) for BusFault_Handler
    startup_stm32f407xx.o(RESET) refers to stm32f4xx_it.o(i.UsageFault_Handler) for UsageFault_Handler
    startup_stm32f407xx.o(RESET) refers to stm32f4xx_it.o(i.SVC_Handler) for SVC_Handler
    startup_stm32f407xx.o(RESET) refers to stm32f4xx_it.o(i.DebugMon_Handler) for DebugMon_Handler
    startup_stm32f407xx.o(RESET) refers to stm32f4xx_it.o(i.PendSV_Handler) for PendSV_Handler
    startup_stm32f407xx.o(RESET) refers to stm32f4xx_it.o(i.SysTick_Handler) for SysTick_Handler
    startup_stm32f407xx.o(.text) refers (Special) to heapauxi.o(.text) for __use_two_region_memory
    startup_stm32f407xx.o(.text) refers to system_stm32f4xx.o(i.SystemInit) for SystemInit
    startup_stm32f407xx.o(.text) refers to __main.o(!!!main) for __main
    startup_stm32f407xx.o(.text) refers to startup_stm32f407xx.o(HEAP) for Heap_Mem
    startup_stm32f407xx.o(.text) refers to startup_stm32f407xx.o(STACK) for Stack_Mem
    st7735.o(i.ST7735_Backlight_Off) refers to stm32f4xx_hal_gpio.o(i.HAL_GPIO_WritePin) for HAL_GPIO_WritePin
    st7735.o(i.ST7735_Backlight_On) refers to stm32f4xx_hal_gpio.o(i.HAL_GPIO_WritePin) for HAL_GPIO_WritePin
    st7735.o(i.ST7735_DrawCircle) refers to st7735.o(i.ST7735_DrawPixel) for ST7735_DrawPixel
    st7735.o(i.ST7735_DrawCircleHelper) refers to st7735.o(i.ST7735_DrawPixel) for ST7735_DrawPixel
    st7735.o(i.ST7735_DrawEllipse) refers to st7735.o(i.ST7735_DrawPixel) for ST7735_DrawPixel
    st7735.o(i.ST7735_DrawFastHLine) refers to st7735.o(i.ST7735_DrawLine) for ST7735_DrawLine
    st7735.o(i.ST7735_DrawFastHLine) refers to st7735.o(.data) for .data
    st7735.o(i.ST7735_DrawFastVLine) refers to st7735.o(i.ST7735_DrawLine) for ST7735_DrawLine
    st7735.o(i.ST7735_DrawFastVLine) refers to st7735.o(.data) for .data
    st7735.o(i.ST7735_DrawImage) refers to stm32f4xx_hal_gpio.o(i.HAL_GPIO_WritePin) for HAL_GPIO_WritePin
    st7735.o(i.ST7735_DrawImage) refers to st7735.o(i.ST7735_SetAddressWindow) for ST7735_SetAddressWindow
    st7735.o(i.ST7735_DrawImage) refers to st7735.o(i.ST7735_WriteData) for ST7735_WriteData
    st7735.o(i.ST7735_DrawImage) refers to st7735.o(.data) for .data
    st7735.o(i.ST7735_DrawLine) refers to st7735.o(i.ST7735_DrawPixel) for ST7735_DrawPixel
    st7735.o(i.ST7735_DrawPixel) refers to stm32f4xx_hal_gpio.o(i.HAL_GPIO_WritePin) for HAL_GPIO_WritePin
    st7735.o(i.ST7735_DrawPixel) refers to st7735.o(i.ST7735_SetAddressWindow) for ST7735_SetAddressWindow
    st7735.o(i.ST7735_DrawPixel) refers to st7735.o(i.ST7735_WriteData) for ST7735_WriteData
    st7735.o(i.ST7735_DrawPixel) refers to st7735.o(.data) for .data
    st7735.o(i.ST7735_DrawRect) refers to st7735.o(i.ST7735_DrawFastHLine) for ST7735_DrawFastHLine
    st7735.o(i.ST7735_DrawRect) refers to st7735.o(i.ST7735_DrawFastVLine) for ST7735_DrawFastVLine
    st7735.o(i.ST7735_DrawRoundRect) refers to st7735.o(i.ST7735_DrawFastHLine) for ST7735_DrawFastHLine
    st7735.o(i.ST7735_DrawRoundRect) refers to st7735.o(i.ST7735_DrawFastVLine) for ST7735_DrawFastVLine
    st7735.o(i.ST7735_DrawRoundRect) refers to st7735.o(i.ST7735_DrawCircleHelper) for ST7735_DrawCircleHelper
    st7735.o(i.ST7735_DrawString) refers to stm32f4xx_hal_gpio.o(i.HAL_GPIO_WritePin) for HAL_GPIO_WritePin
    st7735.o(i.ST7735_DrawString) refers to st7735.o(i.ST7735_WriteChar) for ST7735_WriteChar
    st7735.o(i.ST7735_DrawString) refers to st7735.o(.data) for .data
    st7735.o(i.ST7735_DrawTouchGFX) refers to stm32f4xx_hal_gpio.o(i.HAL_GPIO_WritePin) for HAL_GPIO_WritePin
    st7735.o(i.ST7735_DrawTouchGFX) refers to st7735.o(i.ST7735_SetAddressWindow) for ST7735_SetAddressWindow
    st7735.o(i.ST7735_DrawTouchGFX) refers to h1_alloc.o(.text) for malloc
    st7735.o(i.ST7735_DrawTouchGFX) refers to st7735.o(i.ST7735_WriteData) for ST7735_WriteData
    st7735.o(i.ST7735_DrawTouchGFX) refers to h1_free.o(.text) for free
    st7735.o(i.ST7735_DrawTouchGFX) refers to st7735.o(.data) for .data
[...]
    ../clib/printf.c                         0x00000000   Number         0  __printf_nopercent.o ABSOLUTE
    ../clib/printf.c                         0x00000000   Number         0  __printf_ss_wp.o ABSOLUTE
    ../clib/printf.c                         0x00000000   Number         0  __printf_flags_wp.o ABSOLUTE
    ../clib/printf.c                         0x00000000   Number         0  __printf_wp.o ABSOLUTE
    ../clib/printf.c                         0x00000000   Number         0  _sputc.o ABSOLUTE
    ../clib/printf.c                         0x00000000   Number         0  __printf_flags_ss.o ABSOLUTE
    ../clib/printf.c                         0x00000000   Number         0  __printf_flags_ss_wp.o ABSOLUTE
    ../clib/printf.c                         0x00000000   Number         0  _printf_intcommon.o ABSOLUTE
    ../clib/printf.c                         0x00000000   Number         0  __printf_ss.o ABSOLUTE
    ../clib/printf.c                         0x00000000   Number         0  __printf_flags.o ABSOLUTE
    ../clib/printf.c                         0x00000000   Number         0  _printf_dec.o ABSOLUTE
    ../clib/printf_percent.s                 0x00000000   Number         0  _printf_percent.o ABSOLUTE
    ../clib/printf_percent.s                 0x00000000   Number         0  _printf_d.o ABSOLUTE
    ../clib/printf_percent.s                 0x00000000   Number         0  _printf_percent_end.o ABSOLUTE
    ../clib/signal.c                         0x00000000   Number         0  __raise.o ABSOLUTE
    ../clib/signal.c                         0x00000000   Number         0  defsig_rtred_inner.o ABSOLUTE
    ../clib/signal.c                         0x00000000   Number         0  defsig_rtmem_outer.o ABSOLUTE
    ../clib/signal.c                         0x00000000   Number         0  defsig_exit.o ABSOLUTE
    ../clib/signal.c                         0x00000000   Number         0  defsig_fpe_outer.o ABSOLUTE
    ../clib/signal.c                         0x00000000   Number         0  defsig_other.o ABSOLUTE
    ../clib/signal.c                         0x00000000   Number         0  defsig_fpe_formal.o ABSOLUTE
    ../clib/signal.c                         0x00000000   Number         0  defsig_rtmem_formal.o ABSOLUTE
    ../clib/signal.c                         0x00000000   Number         0  defsig_cppl_inner.o ABSOLUTE
    ../clib/signal.c                         0x00000000   Number         0  defsig_pvfn_inner.o ABSOLUTE
    ../clib/signal.c                         0x00000000   Number         0  defsig_stak_inner.o ABSOLUTE
    ../clib/signal.c                         0x00000000   Number         0  defsig_segv_inner.o ABSOLUTE
    ../clib/signal.c                         0x00000000   Number         0  defsig_rtmem_inner.o ABSOLUTE
    ../clib/signal.c                         0x00000000   Number         0  defsig_fpe_inner.o ABSOLUTE
    ../clib/signal.c                         0x00000000   Number         0  defsig_general.o ABSOLUTE
    ../clib/signal.c                         0x00000000   Number         0  defsig_abrt_inner.o ABSOLUTE
    ../clib/signal.s                         0x00000000   Number         0  defsig.o ABSOLUTE
    ../clib/stdlib.c                         0x00000000   Number         0  exit.o ABSOLUTE
    ../clib/string.c                         0x00000000   Number         0  strcpy.o ABSOLUTE
    ../fplib/basic.s                         0x00000000   Number         0  basic.o ABSOLUTE
    ../fplib/daddsub.s                       0x00000000   Number         0  daddsub_clz.o ABSOLUTE
    ../fplib/ddiv.s                          0x00000000   Number         0  ddiv.o ABSOLUTE
    ../fplib/dfix.s                          0x00000000   Number         0  dfix.o ABSOLUTE
    ../fplib/dflt.s                          0x00000000   Number         0  dflt_clz.o ABSOLUTE
    ../fplib/dmul.s                          0x00000000   Number         0  dmul.o ABSOLUTE
    ../fplib/dnaninf.s                       0x00000000   Number         0  dnaninf.o ABSOLUTE
    ../fplib/dretinf.s                       0x00000000   Number         0  dretinf.o ABSOLUTE
    ../fplib/fpinit.s                        0x00000000   Number         0  fpinit.o ABSOLUTE
    ../fplib/usenofp.s                       0x00000000   Number         0  usenofp.o ABSOLUTE
    ../mathlib/cos.c                         0x00000000   Number         0  cos.o ABSOLUTE
    ../mathlib/cos.c                         0x00000000   Number         0  cos_x.o ABSOLUTE
    ../mathlib/cos_i.c                       0x00000000   Number         0  cos_i.o ABSOLUTE
    ../mathlib/dunder.c                      0x00000000   Number         0  dunder.o ABSOLUTE
    ../mathlib/fabs.c                        0x00000000   Number         0  fabs.o ABSOLUTE
    ../mathlib/fpclassify.c                  0x00000000   Number         0  fpclassify.o ABSOLUTE
    ../mathlib/poly.c                        0x00000000   Number         0  poly.o ABSOLUTE
    ../mathlib/rred.c                        0x00000000   Number         0  rred.o ABSOLUTE
    ../mathlib/sin.c                         0x00000000   Number         0  sin.o ABSOLUTE
    ../mathlib/sin.c                         0x00000000   Number         0  sin_x.o ABSOLUTE
    ../mathlib/sin_i.c                       0x00000000   Number         0  sin_i.o ABSOLUTE
    ../mathlib/sin_i.c                       0x00000000   Number         0  sin_i_x.o ABSOLUTE
    ..\Core\Src\fonts.c                      0x00000000   Number         0  fonts.o ABSOLUTE
    ..\Core\Src\main.c                       0x00000000   Number         0  main.o ABSOLUTE
    ..\Core\Src\st7735.c                     0x00000000   Number         0  st7735.o ABSOLUTE
    ..\Core\Src\stm32f4xx_hal_msp.c          0x00000000   Number         0  stm32f4xx_hal_msp.o ABSOLUTE
    ..\Core\Src\stm32f4xx_it.c               0x00000000   Number         0  stm32f4xx_it.o ABSOLUTE
    ..\Core\Src\system_stm32f4xx.c           0x00000000   Number         0  system_stm32f4xx.o ABSOLUTE
    ..\Drivers\STM32F4xx_HAL_Driver\Src\stm32f4xx_hal.c 0x00000000   Number         0  stm32f4xx_hal.o ABSOLUTE
    ..\Drivers\STM32F4xx_HAL_Driver\Src\stm32f4xx_hal_adc.c 0x00000000   Number         0  stm32f4xx_hal_adc.o ABSOLUTE
    ..\Drivers\STM32F4xx_HAL_Driver\Src\stm32f4xx_hal_adc_ex.c 0x00000000   Number         0  stm32f4xx_hal_adc_ex.o ABSOLUTE
    ..\Drivers\STM32F4xx_HAL_Driver\Src\stm32f4xx_hal_cortex.c 0x00000000   Number         0  stm32f4xx_hal_cortex.o ABSOLUTE
    ..\Drivers\STM32F4xx_HAL_Driver\Src\stm32f4xx_hal_dma.c 0x00000000   Number         0  stm32f4xx_hal_dma.o ABSOLUTE
    ..\Drivers\STM32F4xx_HAL_Driver\Src\stm32f4xx_hal_dma_ex.c 0x00000000   Number         0  stm32f4xx_hal_dma_ex.o ABSOLUTE
    ..\Drivers\STM32F4xx_HAL_Driver\Src\stm32f4xx_hal_exti.c 0x00000000   Number         0  stm32f4xx_hal_exti.o ABSOLUTE
    ..\Drivers\STM32F4xx_HAL_Driver\Src\stm32f4xx_hal_flash.c 0x00000000   Number         0  stm32f4xx_hal_flash.o ABSOLUTE
    ..\Drivers\STM32F4xx_HAL_Driver\Src\stm32f4xx_hal_flash_ex.c 0x00000000   Number         0  stm32f4xx_hal_flash_ex.o ABSOLUTE
    ..\Drivers\STM32F4xx_HAL_Driver\Src\stm32f4xx_hal_flash_ramfunc.c 0x00000000   Number         0  stm32f4xx_hal_flash_ramfunc.o ABSOLUTE
    ..\Drivers\STM32F4xx_HAL_Driver\Src\stm32f4xx_hal_gpio.c 0x00000000   Number         0  stm32f4xx_hal_gpio.o ABSOLUTE
    ..\Drivers\STM32F4xx_HAL_Driver\Src\stm32f4xx_hal_pwr.c 0x00000000   Number         0  stm32f4xx_hal_pwr.o ABSOLUTE
    ..\Drivers\STM32F4xx_HAL_Driver\Src\stm32f4xx_hal_pwr_ex.c 0x00000000   Number         0  stm32f4xx_hal_pwr_ex.o ABSOLUTE
    ..\Drivers\STM32F4xx_HAL_Driver\Src\stm32f4xx_hal_rcc.c 0x00000000   Number         0  stm32f4xx_hal_rcc.o ABSOLUTE
    ..\Drivers\STM32F4xx_HAL_Driver\Src\stm32f4xx_hal_rcc_ex.c 0x00000000   Number         0  stm32f4xx_hal_rcc_ex.o ABSOLUTE
    ..\Drivers\STM32F4xx_HAL_Driver\Src\stm32f4xx_hal_rtc.c 0x00000000   Number         0  stm32f4xx_hal_rtc.o ABSOLUTE
    ..\Drivers\STM32F4xx_HAL_Driver\Src\stm32f4xx_hal_rtc_ex.c 0x00000000   Number         0  stm32f4xx_hal_rtc_ex.o ABSOLUTE
    ..\Drivers\STM32F4xx_HAL_Driver\Src\stm32f4xx_hal_spi.c 0x00000000   Number         0  stm32f4xx_hal_spi.o ABSOLUTE
    ..\Drivers\STM32F4xx_HAL_Driver\Src\stm32f4xx_hal_tim.c 0x00000000   Number         0  stm32f4xx_hal_tim.o ABSOLUTE
    ..\Drivers\STM32F4xx_HAL_Driver\Src\stm32f4xx_hal_tim_ex.c 0x00000000   Number         0  stm32f4xx_hal_tim_ex.o ABSOLUTE
    ..\\Core\\Src\\st7735.c                  0x00000000   Number         0  st7735.o ABSOLUTE
    dc.s                                     0x00000000   Number         0  dc.o ABSOLUTE
    startup_stm32f407xx.s                    0x00000000   Number         0  startup_stm32f407xx.o ABSOLUTE
    RESET                                    0x08000000   Section      392  startup_stm32f407xx.o(RESET)
    !!!main                                  0x08000188   Section        8  __main.o(!!!main)
    !!!scatter                               0x08000190   Section       52  __scatter.o(!!!scatter)
    !!handler_copy                           0x080001c4   Section       26  __scatter_copy.o(!!handler_copy)
    !!handler_zi                             0x080001e0   Section       28  __scatter_zi.o(!!handler_zi)
    .ARM.Collect$$_printf_percent$$00000000  0x080001fc   Section        0  _printf_percent.o(.ARM.Collect$$_printf_percent$$00000000)
    .ARM.Collect$$_printf_percent$$00000009  0x080001fc   Section        6  _printf_d.o(.ARM.Collect$$_printf_percent$$00000009)
    .ARM.Collect$$_printf_percent$$00000017  0x08000202   Section        4  _printf_percent_end.o(.ARM.Collect$$_printf_percent$$00000017)
    .ARM.Collect$$libinit$$00000000          0x08000206   Section        2  libinit.o(.ARM.Collect$$libinit$$00000000)
    .ARM.Collect$$libinit$$00000001          0x08000208   Section        4  libinit2.o(.ARM.Collect$$libinit$$00000001)
    .ARM.Collect$$libinit$$00000004          0x0800020c   Section        0  libinit2.o(.ARM.Collect$$libinit$$00000004)
    .ARM.Collect$$libinit$$0000000A          0x0800020c   Section        0  libinit2.o(.ARM.Collect$$libinit$$0000000A)
    .ARM.Collect$$libinit$$0000000C          0x0800020c   Section        0  libinit2.o(.ARM.Collect$$libinit$$0000000C)
    .ARM.Collect$$libinit$$0000000E          0x0800020c   Section        0  libinit2.o(.ARM.Collect$$libinit$$0000000E)
    .ARM.Collect$$libinit$$00000011          0x0800020c   Section        0  libinit2.o(.ARM.Collect$$libinit$$00000011)
    .ARM.Collect$$libinit$$00000013          0x0800020c   Section        0  libinit2.o(.ARM.Collect$$libinit$$00000013)
    .ARM.Collect$$libinit$$00000015          0x0800020c   Section        0  libinit2.o(.ARM.Collect$$libinit$$00000015)
    .ARM.Collect$$libinit$$00000017          0x0800020c   Section        0  libinit2.o(.ARM.Collect$$libinit$$00000017)
    .ARM.Collect$$libinit$$00000019          0x0800020c   Section        0  libinit2.o(.ARM.Collect$$libinit$$00000019)
    .ARM.Collect$$libinit$$0000001B          0x0800020c   Section        0  libinit2.o(.ARM.Collect$$libinit$$0000001B)
    .ARM.Collect$$libinit$$0000001D          0x0800020c   Section        0  libinit2.o(.ARM.Collect$$libinit$$0000001D)
    .ARM.Collect$$libinit$$0000001F          0x0800020c   Section        0  libinit2.o(.ARM.Collect$$libinit$$0000001F)
    .ARM.Collect$$libinit$$00000021          0x0800020c   Section        0  libinit2.o(.ARM.Collect$$libinit$$00000021)
    .ARM.Collect$$libinit$$00000023          0x0800020c   Section        0  libinit2.o(.ARM.Collect$$libinit$$00000023)
    .ARM.Collect$$libinit$$00000025          0x0800020c   Section        0  libinit2.o(.ARM.Collect$$libinit$$00000025)
    .ARM.Collect$$libinit$$0000002C          0x0800020c   Section        0  libinit2.o(.ARM.Collect$$libinit$$0000002C)
    .ARM.Collect$$libinit$$0000002E          0x0800020c   Section        0  libinit2.o(.ARM.Collect$$libinit$$0000002E)
    .ARM.Collect$$libinit$$00000030          0x0800020c   Section        0  libinit2.o(.ARM.Collect$$libinit$$00000030)
    .ARM.Collect$$libinit$$00000032          0x0800020c   Section        0  libinit2.o(.ARM.Collect$$libinit$$00000032)
    .ARM.Collect$$libinit$$00000033          0x0800020c   Section        2  libinit2.o(.ARM.Collect$$libinit$$00000033)
    .ARM.Collect$$libshutdown$$00000000      0x0800020e   Section        2  libshutdown.o(.ARM.Collect$$libshutdown$$00000000)
    .ARM.Collect$$libshutdown$$00000002      0x08000210   Section        0  libshutdown2.o(.ARM.Collect$$libshutdown$$00000002)
    .ARM.Collect$$libshutdown$$00000004      0x08000210   Section        0  libshutdown2.o(.ARM.Collect$$libshutdown$$00000004)
    .ARM.Collect$$libshutdown$$00000006      0x08000210   Section        0  libshutdown2.o(.ARM.Collect$$libshutdown$$00000006)
    .ARM.Collect$$libshutdown$$00000009      0x08000210   Section        0  libshutdown2.o(.ARM.Collect$$libshutdown$$00000009)
    .ARM.Collect$$libshutdown$$0000000C      0x08000210   Section        0  libshutdown2.o(.ARM.Collect$$libshutdown$$0000000C)
    .ARM.Collect$$libshutdown$$0000000E      0x08000210   Section        0  libshutdown2.o(.ARM.Collect$$libshutdown$$0000000E)
    .ARM.Collect$$libshutdown$$00000011      0x08000210   Section        0  libshutdown2.o(.ARM.Collect$$libshutdown$$00000011)
    .ARM.Collect$$libshutdown$$00000012      0x08000210   Section        2  libshutdown2.o(.ARM.Collect$$libshutdown$$00000012)
    .ARM.Collect$$rtentry$$00000000          0x08000212   Section        0  __rtentry.o(.ARM.Collect$$rtentry$$00000000)
    .ARM.Collect$$rtentry$$00000002          0x08000212   Section        0  __rtentry2.o(.ARM.Collect$$rtentry$$00000002)
    .ARM.Collect$$rtentry$$00000004          0x08000212   Section        6  __rtentry4.o(.ARM.Collect$$rtentry$$00000004)
    .ARM.Collect$$rtentry$$00000009          0x08000218   Section        0  __rtentry2.o(.ARM.Collect$$rtentry$$00000009)
    .ARM.Collect$$rtentry$$0000000A          0x08000218   Section        4  __rtentry2.o(.ARM.Collect$$rtentry$$0000000A)
    .ARM.Collect$$rtentry$$0000000C          0x0800021c   Section        0  __rtentry2.o(.ARM.Collect$$rtentry$$0000000C)
    .ARM.Collect$$rtentry$$0000000D          0x0800021c   Section        8  __rtentry2.o(.ARM.Collect$$rtentry$$0000000D)
    .ARM.Collect$$rtexit$$00000000           0x08000224   Section        2  rtexit.o(.ARM.Collect$$rtexit$$00000000)
    .ARM.Collect$$rtexit$$00000002           0x08000226   Section        0  rtexit2.o(.ARM.Collect$$rtexit$$00000002)
    .ARM.Collect$$rtexit$$00000003           0x08000226   Section        4  rtexit2.o(.ARM.Collect$$rtexit$$00000003)
    .ARM.Collect$$rtexit$$00000004           0x0800022a   Section        6  rtexit2.o(.ARM.Collect$$rtexit$$00000004)
    .text                                    0x08000230   Section       64  startup_stm32f407xx.o(.text)
    $v0                                      0x08000230   Number         0  startup_stm32f407xx.o(.text)
    .text                                    0x08000270   Section      238  lludivv7m.o(.text)
    .text                                    0x08000360   Section        0  noretval__2sprintf.o(.text)
    .text                                    0x08000388   Section        0  _printf_dec.o(.text)
    .text                                    0x08000400   Section        0  __printf_wp.o(.text)
    .text                                    0x0800050e   Section        0  strcpy.o(.text)
    .text                                    0x08000556   Section       78  rt_memclr_w.o(.text)
    .text                                    0x080005a4   Section        0  heapauxi.o(.text)
    .text                                    0x080005aa   Section        0  _rserrno.o(.text)
    .text                                    0x080005c0   Section        0  _printf_intcommon.o(.text)
    .text                                    0x08000674   Section        0  _printf_char_common.o(.text)
    _printf_input_char                       0x08000675   Thumb Code    10  _printf_char_common.o(.text)
    .text                                    0x080006a4   Section        0  _sputc.o(.text)
    .text                                    0x080006b0   Section        8  libspace.o(.text)
    .text                                    0x080006b8   Section        8  rt_errno_addr_intlibspace.o(.text)
    .text                                    0x080006c0   Section        2  use_no_semi.o(.text)
    .text                                    0x080006c2   Section        0  indicate_semi.o(.text)
    .text                                    0x080006c2   Section       74  sys_stackheap_outer.o(.text)
    .text                                    0x0800070c   Section        0  exit.o(.text)
    .text                                    0x08000720   Section        0  sys_exit.o(.text)
    i.ADC_Init                               0x0800072c   Section        0  stm32f4xx_hal_adc.o(i.ADC_Init)
    ADC_Init                                 0x0800072d   Thumb Code   284  stm32f4xx_hal_adc.o(i.ADC_Init)
    i.BusFault_Handler                       0x08000854   Section        0  stm32f4xx_it.o(i.BusFault_Handler)
    i.DebugMon_Handler                       0x08000856   Section        0  stm32f4xx_it.o(i.DebugMon_Handler)
    i.Error_Handler                          0x08000858   Section        0  main.o(i.Error_Handler)
    i.HAL_ADC_ConfigChannel                  0x0800085c   Section        0  stm32f4xx_hal_adc.o(i.HAL_ADC_ConfigChannel)
    i.HAL_ADC_Init                           0x080009a8   Section        0  stm32f4xx_hal_adc.o(i.HAL_ADC_Init)
    i.HAL_ADC_MspInit                        0x080009fc   Section        0  stm32f4xx_hal_msp.o(i.HAL_ADC_MspInit)
    i.HAL_Delay                              0x08000a24   Section        0  stm32f4xx_hal.o(i.HAL_Delay)
    i.HAL_GPIO_Init                          0x08000a48   Section        0  stm32f4xx_hal_gpio.o(i.HAL_GPIO_Init)
    i.HAL_GPIO_ReadPin                       0x08000c38   Section        0  stm32f4xx_hal_gpio.o(i.HAL_GPIO_ReadPin)
    i.HAL_GPIO_WritePin                      0x08000c42   Section        0  stm32f4xx_hal_gpio.o(i.HAL_GPIO_WritePin)
    i.HAL_GetTick                            0x08000c4c   Section        0  stm32f4xx_hal.o(i.HAL_GetTick)
    i.HAL_IncTick                            0x08000c58   Section        0  stm32f4xx_hal.o(i.HAL_IncTick)
    i.HAL_Init                               0x08000c68   Section        0  stm32f4xx_hal.o(i.HAL_Init)
    i.HAL_InitTick                           0x08000c9c   Section        0  stm32f4xx_hal.o(i.HAL_InitTick)
    i.HAL_MspInit                            0x08000cdc   Section        0  stm32f4xx_hal_msp.o(i.HAL_MspInit)
    i.HAL_NVIC_SetPriority                   0x08000d0c   Section        0  stm32f4xx_hal_cortex.o(i.HAL_NVIC_SetPriority)
    i.HAL_NVIC_SetPriorityGrouping           0x08000d4c   Section        0  stm32f4xx_hal_cortex.o(i.HAL_NVIC_SetPriorityGrouping)
    i.HAL_RCCEx_PeriphCLKConfig              0x08000d70   Section        0  stm32f4xx_hal_rcc_ex.o(i.HAL_RCCEx_PeriphCLKConfig)
    i.HAL_RCC_ClockConfig                    0x08000eac   Section        0  stm32f4xx_hal_rcc.o(i.HAL_RCC_ClockConfig)
    i.HAL_RCC_GetSysClockFreq                0x08000fe0   Section        0  stm32f4xx_hal_rcc.o(i.HAL_RCC_GetSysClockFreq)
    i.HAL_RCC_OscConfig                      0x08001040   Section        0  stm32f4xx_hal_rcc.o(i.HAL_RCC_OscConfig)
    i.HAL_RTC_GetDate                        0x080013ac   Section        0  stm32f4xx_hal_rtc.o(i.HAL_RTC_GetDate)
    i.HAL_RTC_GetTime                        0x080013f0   Section        0  stm32f4xx_hal_rtc.o(i.HAL_RTC_GetTime)
    i.HAL_RTC_Init                           0x08001448   Section        0  stm32f4xx_hal_rtc.o(i.HAL_RTC_Init)
    i.HAL_RTC_MspInit                        0x080014f4   Section        0  stm32f4xx_hal_msp.o(i.HAL_RTC_MspInit)
    i.HAL_RTC_SetTime                        0x0800152c   Section        0  stm32f4xx_hal_rtc.o(i.HAL_RTC_SetTime)
    i.HAL_RTC_WaitForSynchro                 0x08001618   Section        0  stm32f4xx_hal_rtc.o(i.HAL_RTC_WaitForSynchro)
    i.HAL_SPI_Init                           0x0800164e   Section        0  stm32f4xx_hal_spi.o(i.HAL_SPI_Init)
    i.HAL_SPI_MspInit                        0x0800170c   Section        0  stm32f4xx_hal_msp.o(i.HAL_SPI_MspInit)
    i.HAL_SPI_Transmit                       0x0800179c   Section        0  stm32f4xx_hal_spi.o(i.HAL_SPI_Transmit)
    i.HAL_SYSTICK_Config                     0x08001902   Section        0  stm32f4xx_hal_cortex.o(i.HAL_SYSTICK_Config)
    i.HardFault_Handler                      0x0800192a   Section        0  stm32f4xx_it.o(i.HardFault_Handler)
    i.MX_ADC1_Init                           0x0800192c   Section        0  main.o(i.MX_ADC1_Init)
    MX_ADC1_Init                             0x0800192d   Thumb Code    88  main.o(i.MX_ADC1_Init)
    i.MX_GPIO_Init                           0x08001990   Section        0  main.o(i.MX_GPIO_Init)
    MX_GPIO_Init                             0x08001991   Thumb Code   150  main.o(i.MX_GPIO_Init)
    i.MX_SPI2_Init                           0x08001a30   Section        0  main.o(i.MX_SPI2_Init)
    MX_SPI2_Init                             0x08001a31   Thumb Code    56  main.o(i.MX_SPI2_Init)
    i.MemManage_Handler                      0x08001a70   Section        0  stm32f4xx_it.o(i.MemManage_Handler)
    i.NMI_Handler                            0x08001a72   Section        0  stm32f4xx_it.o(i.NMI_Handler)
    i.PendSV_Handler                         0x08001a74   Section        0  stm32f4xx_it.o(i.PendSV_Handler)
    i.RTC_Bcd2ToByte                         0x08001a76   Section        0  stm32f4xx_hal_rtc.o(i.RTC_Bcd2ToByte)
    i.RTC_ByteToBcd2                         0x08001a88   Section        0  stm32f4xx_hal_rtc.o(i.RTC_ByteToBcd2)
    i.RTC_EnterInitMode                      0x08001aa0   Section        0  stm32f4xx_hal_rtc.o(i.RTC_EnterInitMode)
    i.SPI_EndRxTxTransaction                 0x08001adc   Section        0  stm32f4xx_hal_spi.o(i.SPI_EndRxTxTransaction)
    SPI_EndRxTxTransaction                   0x08001add   Thumb Code    80  stm32f4xx_hal_spi.o(i.SPI_EndRxTxTransaction)
    i.SPI_WaitFlagStateUntilTimeout          0x08001b34   Section        0  stm32f4xx_hal_spi.o(i.SPI_WaitFlagStateUntilTimeout)
    SPI_WaitFlagStateUntilTimeout            0x08001b35   Thumb Code   180  stm32f4xx_hal_spi.o(i.SPI_WaitFlagStateUntilTimeout)
    i.ST7735_DrawCircle                      0x08001bec   Section        0  st7735.o(i.ST7735_DrawCircle)
    i.ST7735_DrawLine                        0x08001cfc   Section        0  st7735.o(i.ST7735_DrawLine)
    i.ST7735_DrawPixel                       0x08001d9c   Section        0  st7735.o(i.ST7735_DrawPixel)
    i.ST7735_DrawString                      0x08001e04   Section        0  st7735.o(i.ST7735_DrawString)
    i.ST7735_ExecuteCommandList              0x08001e88   Section        0  st7735.o(i.ST7735_ExecuteCommandList)
    ST7735_ExecuteCommandList                0x08001e89   Thumb Code    70  st7735.o(i.ST7735_ExecuteCommandList)
    i.ST7735_FillRectangle                   0x08001ed0   Section        0  st7735.o(i.ST7735_FillRectangle)
    i.ST7735_FillScreen                      0x08001f88   Section        0  st7735.o(i.ST7735_FillScreen)
    i.ST7735_Init                            0x08001fa4   Section        0  st7735.o(i.ST7735_Init)
    i.ST7735_SetAddressWindow                0x08002000   Section        0  st7735.o(i.ST7735_SetAddressWindow)
    ST7735_SetAddressWindow                  0x08002001   Thumb Code    82  st7735.o(i.ST7735_SetAddressWindow)
    i.ST7735_SetRotation                     0x08002058   Section        0  st7735.o(i.ST7735_SetRotation)
    i.ST7735_WriteChar                       0x080020f8   Section        0  st7735.o(i.ST7735_WriteChar)
    ST7735_WriteChar                         0x080020f9   Thumb Code   144  st7735.o(i.ST7735_WriteChar)
    i.ST7735_WriteCommand                    0x08002188   Section        0  st7735.o(i.ST7735_WriteCommand)
    ST7735_WriteCommand                      0x08002189   Thumb Code    30  st7735.o(i.ST7735_WriteCommand)
    i.ST7735_WriteData                       0x080021b0   Section        0  st7735.o(i.ST7735_WriteData)
    ST7735_WriteData                         0x080021b1   Thumb Code    34  st7735.o(i.ST7735_WriteData)
    i.SVC_Handler                            0x080021dc   Section        0  stm32f4xx_it.o(i.SVC_Handler)
    i.SysTick_Handler                        0x080021de   Section        0  stm32f4xx_it.o(i.SysTick_Handler)
    i.SystemClock_Config                     0x080021e4   Section        0  main.o(i.SystemClock_Config)
    i.SystemInit                             0x0800227c   Section        0  system_stm32f4xx.o(i.SystemInit)
    i.UsageFault_Handler                     0x0800228c   Section        0  stm32f4xx_it.o(i.UsageFault_Handler)
    i.__ARM_fpclassify                       0x0800228e   Section        0  fpclassify.o(i.__ARM_fpclassify)
    i.__NVIC_SetPriority                     0x080022be   Section        0  stm32f4xx_hal_cortex.o(i.__NVIC_SetPriority)
    __NVIC_SetPriority                       0x080022bf   Thumb Code    32  stm32f4xx_hal_cortex.o(i.__NVIC_SetPriority)
    i.__hardfp_cos                           0x080022e0   Section        0  cos.o(i.__hardfp_cos)
    i.__hardfp_sin                           0x080023a8   Section        0  sin.o(i.__hardfp_sin)
    i.__ieee754_rem_pio2                     0x08002470   Section        0  rred.o(i.__ieee754_rem_pio2)
    i.__kernel_cos                           0x080028a8   Section        0  cos_i.o(i.__kernel_cos)
    i.__kernel_poly                          0x08002a18   Section        0  poly.o(i.__kernel_poly)
    i.__kernel_sin                           0x08002b10   Section        0  sin_i.o(i.__kernel_sin)
    i.__mathlib_dbl_infnan                   0x08002c40   Section        0  dunder.o(i.__mathlib_dbl_infnan)
    i.__mathlib_dbl_invalid                  0x08002c58   Section        0  dunder.o(i.__mathlib_dbl_invalid)
    i.__mathlib_dbl_underflow                0x08002c78   Section        0  dunder.o(i.__mathlib_dbl_underflow)
    i._is_digit                              0x08002c98   Section        0  __printf_wp.o(i._is_digit)
    i.fabs                                   0x08002ca6   Section        0  fabs.o(i.fabs)
    i.main                                   0x08002cc0   Section        0  main.o(i.main)
    i.mapTimeToDeg                           0x08002f88   Section        0  main.o(i.mapTimeToDeg)
    x$fpl$basic                              0x08002fe4   Section       24  basic.o(x$fpl$basic)
    $v0                                      0x08002fe4   Number         0  basic.o(x$fpl$basic)
    x$fpl$dadd                               0x08002ffc   Section      336  daddsub_clz.o(x$fpl$dadd)
    $v0                                      0x08002ffc   Number         0  daddsub_clz.o(x$fpl$dadd)
    _dadd1                                   0x0800300d   Thumb Code     0  daddsub_clz.o(x$fpl$dadd)
    x$fpl$ddiv                               0x0800314c   Section      688  ddiv.o(x$fpl$ddiv)
    $v0                                      0x0800314c   Number         0  ddiv.o(x$fpl$ddiv)
    ddiv_entry                               0x08003153   Thumb Code     0  ddiv.o(x$fpl$ddiv)
    x$fpl$dfix                               0x080033fc   Section       94  dfix.o(x$fpl$dfix)
    $v0                                      0x080033fc   Number         0  dfix.o(x$fpl$dfix)
    x$fpl$dflt                               0x0800345a   Section       46  dflt_clz.o(x$fpl$dflt)
    $v0                                      0x0800345a   Number         0  dflt_clz.o(x$fpl$dflt)
    x$fpl$dfltu                              0x08003488   Section       38  dflt_clz.o(x$fpl$dfltu)
    $v0                                      0x08003488   Number         0  dflt_clz.o(x$fpl$dfltu)
    x$fpl$dmul                               0x080034b0   Section      340  dmul.o(x$fpl$dmul)
    $v0                                      0x080034b0   Number         0  dmul.o(x$fpl$dmul)
    x$fpl$dnaninf                            0x08003604   Section      156  dnaninf.o(x$fpl$dnaninf)
    $v0                                      0x08003604   Number         0  dnaninf.o(x$fpl$dnaninf)
    x$fpl$dretinf                            0x080036a0   Section       12  dretinf.o(x$fpl$dretinf)
    $v0                                      0x080036a0   Number         0  dretinf.o(x$fpl$dretinf)
    x$fpl$drsb                               0x080036ac   Section       22  daddsub_clz.o(x$fpl$drsb)
    $v0                                      0x080036ac   Number         0  daddsub_clz.o(x$fpl$drsb)
    x$fpl$dsub                               0x080036c4   Section      468  daddsub_clz.o(x$fpl$dsub)
    $v0                                      0x080036c4   Number         0  daddsub_clz.o(x$fpl$dsub)
    _dsub1                                   0x080036d5   Thumb Code     0  daddsub_clz.o(x$fpl$dsub)
    x$fpl$fpinit                             0x08003898   Section       10  fpinit.o(x$fpl$fpinit)
    $v0                                      0x08003898   Number         0  fpinit.o(x$fpl$fpinit)
    .constdata                               0x080038a2   Section      115  st7735.o(.constdata)
    x$fpl$usenofp                            0x080038a2   Section        0  usenofp.o(x$fpl$usenofp)
    init_cmds1                               0x080038a2   Data          59  st7735.o(.constdata)
    init_cmds2                               0x080038dd   Data          13  st7735.o(.constdata)
    init_cmds3                               0x080038ea   Data          43  st7735.o(.constdata)
    .constdata                               0x08003916   Section     3420  fonts.o(.constdata)
    Font11x18                                0x08003916   Data        3420  fonts.o(.constdata)
    .constdata                               0x08004672   Section     4940  fonts.o(.constdata)
    Font16x26                                0x08004672   Data        4940  fonts.o(.constdata)
    .constdata                               0x080059be   Section       16  system_stm32f4xx.o(.constdata)
    .constdata                               0x080059d0   Section       48  cos_i.o(.constdata)
    C                                        0x080059d0   Data          48  cos_i.o(.constdata)
    .constdata                               0x08005a00   Section      200  rred.o(.constdata)
    pio2s                                    0x08005a00   Data          48  rred.o(.constdata)
    twooverpi                                0x08005a30   Data         152  rred.o(.constdata)
    .constdata                               0x08005ac8   Section       40  sin_i.o(.constdata)
    S                                        0x08005ac8   Data          40  sin_i.o(.constdata)
    .data                                    0x20000000   Section       12  st7735.o(.data)
    _value_rotation                          0x20000000   Data           1  st7735.o(.data)
    _xstart                                  0x20000001   Data           1  st7735.o(.data)
    _ystart                                  0x20000002   Data           1  st7735.o(.data)
    _height                                  0x20000004   Data           2  st7735.o(.data)
    _width                                   0x20000006   Data           2  st7735.o(.data)
    _data_rotation                           0x20000008   Data           4  st7735.o(.data)
    .data                                    0x2000000c   Section        8  fonts.o(.data)
    .data                                    0x20000014   Section        8  fonts.o(.data)
    .data                                    0x2000001c   Section        5  main.o(.data)
    .data                                    0x20000024   Section       12  stm32f4xx_hal.o(.data)
    .data                                    0x20000030   Section        4  system_stm32f4xx.o(.data)
    .bss                                     0x20000034   Section      212  main.o(.bss)
    .bss                                     0x20000108   Section       96  libspace.o(.bss)
    HEAP                                     0x20000168   Section      512  startup_stm32f407xx.o(HEAP)
    Heap_Mem                                 0x20000168   Data         512  startup_stm32f407xx.o(HEAP)
    STACK                                    0x20000368   Section     1024  startup_stm32f407xx.o(STACK)
    Stack_Mem                                0x20000368   Data        1024  startup_stm32f407xx.o(STACK)
    __initial_sp                             0x20000768   Data           0  startup_stm32f407xx.o(STACK)

    Global Symbols

    Symbol Name                              Value     Ov Type        Size  Object(Section)

    BuildAttributes$$THM_ISAv4$E$P$D$K$B$S$7EM$VFPi3$EXTD16$VFPS$VFMA$PE$A:L22UL41UL21$X:L11$S22US41US21$IEEE1$IW$USESV6$~STKCKD$USESV7$~SHL$OTIME$ROPI$IEEEX$EBA8$UX$STANDARDLIB$REQ8$PRES8$EABIv2 0x00000000   Number         0  anon$$obj.o ABSOLUTE
    __ARM_use_no_argv                        0x00000000   Number         0  main.o ABSOLUTE
    _printf_flags                            0x00000000   Number         0  printf_stubs.o ABSOLUTE
    _printf_return_value                     0x00000000   Number         0  printf_stubs.o ABSOLUTE
    _printf_sizespec                         0x00000000   Number         0  printf_stubs.o ABSOLUTE
    _printf_widthprec                        0x00000000   Number         0  printf_stubs.o ABSOLUTE
    __ARM_exceptions_init                     - Undefined Weak Reference
    __alloca_initialize                       - Undefined Weak Reference
    __arm_fini_                               - Undefined Weak Reference
    __arm_preinit_                            - Undefined Weak Reference
    __cpp_initialize__aeabi_                  - Undefined Weak Reference
    __cxa_finalize                            - Undefined Weak Reference
    __rt_locale                               - Undefined Weak Reference
    __sigvec_lookup                           - Undefined Weak Reference
    __user_heap_extent                        - Undefined Weak Reference
    _atexit_init                              - Undefined Weak Reference
    _call_atexit_fns                          - Undefined Weak Reference
    _clock_init                               - Undefined Weak Reference
    _fp_trap_init                             - Undefined Weak Reference
    _fp_trap_shutdown                         - Undefined Weak Reference
    _get_lc_collate                           - Undefined Weak Reference
    _get_lc_ctype                             - Undefined Weak Reference
    _get_lc_monetary                          - Undefined Weak Reference
    _get_lc_numeric                           - Undefined Weak Reference
    _get_lc_time                              - Undefined Weak Reference
    _getenv_init                              - Undefined Weak Reference
    _handle_redirection                       - Undefined Weak Reference
    _initio                                   - Undefined Weak Reference
    _mutex_acquire                            - Undefined Weak Reference
    _mutex_free                               - Undefined Weak Reference
    _mutex_release                            - Undefined Weak Reference
    _printf_post_padding                      - Undefined Weak Reference
    _printf_pre_padding                       - Undefined Weak Reference
    _printf_truncate_signed                   - Undefined Weak Reference
    _printf_truncate_unsigned                 - Undefined Weak Reference
    _rand_init                                - Undefined Weak Reference
    _signal_finish                            - Undefined Weak Reference
    _signal_init                              - Undefined Weak Reference
    _terminateio                              - Undefined Weak Reference
    __Vectors_Size                           0x00000188   Number         0  startup_stm32f407xx.o ABSOLUTE
    __Vectors                                0x08000000   Data           4  startup_stm32f407xx.o(RESET)
    __Vectors_End                            0x08000188   Data           0  startup_stm32f407xx.o(RESET)
    __main                                   0x08000189   Thumb Code     8  __main.o(!!!main)
    __scatterload                            0x08000191   Thumb Code     0  __scatter.o(!!!scatter)
    __scatterload_rt2                        0x08000191   Thumb Code    44  __scatter.o(!!!scatter)
    __scatterload_rt2_thumb_only             0x08000191   Thumb Code     0  __scatter.o(!!!scatter)
    __scatterload_null                       0x0800019f   Thumb Code     0  __scatter.o(!!!scatter)
    __scatterload_copy                       0x080001c5   Thumb Code    26  __scatter_copy.o(!!handler_copy)
    __scatterload_zeroinit                   0x080001e1   Thumb Code    28  __scatter_zi.o(!!handler_zi)
    _printf_d                                0x080001fd   Thumb Code     0  _printf_d.o(.ARM.Collect$$_printf_percent$$00000009)
    _printf_percent                          0x080001fd   Thumb Code     0  _printf_percent.o(.ARM.Collect$$_printf_percent$$00000000)
    _printf_percent_end                      0x08000203   Thumb Code     0  _printf_percent_end.o(.ARM.Collect$$_printf_percent$$00000017)
    __rt_lib_init                            0x08000207   Thumb Code     0  libinit.o(.ARM.Collect$$libinit$$00000000)
    __rt_lib_init_fp_1                       0x08000209   Thumb Code     0  libinit2.o(.ARM.Collect$$libinit$$00000001)
    __rt_lib_init_alloca_1                   0x0800020d   Thumb Code     0  libinit2.o(.ARM.Collect$$libinit$$0000002E)
    __rt_lib_init_argv_1                     0x0800020d   Thumb Code     0  libinit2.o(.ARM.Collect$$libinit$$0000002C)
    __rt_lib_init_atexit_1                   0x0800020d   Thumb Code     0  libinit2.o(.ARM.Collect$$libinit$$0000001B)
    __rt_lib_init_clock_1                    0x0800020d   Thumb Code     0  libinit2.o(.ARM.Collect$$libinit$$00000021)
    __rt_lib_init_cpp_1                      0x0800020d   Thumb Code     0  libinit2.o(.ARM.Collect$$libinit$$00000032)
    __rt_lib_init_exceptions_1               0x0800020d   Thumb Code     0  libinit2.o(.ARM.Collect$$libinit$$00000030)
    __rt_lib_init_fp_trap_1                  0x0800020d   Thumb Code     0  libinit2.o(.ARM.Collect$$libinit$$0000001F)
    __rt_lib_init_getenv_1                   0x0800020d   Thumb Code     0  libinit2.o(.ARM.Collect$$libinit$$00000023)
    __rt_lib_init_heap_1                     0x0800020d   Thumb Code     0  libinit2.o(.ARM.Collect$$libinit$$0000000A)
    __rt_lib_init_lc_collate_1               0x0800020d   Thumb Code     0  libinit2.o(.ARM.Collect$$libinit$$00000011)
    __rt_lib_init_lc_ctype_1                 0x0800020d   Thumb Code     0  libinit2.o(.ARM.Collect$$libinit$$00000013)
    __rt_lib_init_lc_monetary_1              0x0800020d   Thumb Code     0  libinit2.o(.ARM.Collect$$libinit$$00000015)
    __rt_lib_init_lc_numeric_1               0x0800020d   Thumb Code     0  libinit2.o(.ARM.Collect$$libinit$$00000017)
    __rt_lib_init_lc_time_1                  0x0800020d   Thumb Code     0  libinit2.o(.ARM.Collect$$libinit$$00000019)
    __rt_lib_init_preinit_1                  0x0800020d   Thumb Code     0  libinit2.o(.ARM.Collect$$libinit$$00000004)
    __rt_lib_init_rand_1                     0x0800020d   Thumb Code     0  libinit2.o(.ARM.Collect$$libinit$$0000000E)
    __rt_lib_init_return                     0x0800020d   Thumb Code     0  libinit2.o(.ARM.Collect$$libinit$$00000033)
    __rt_lib_init_signal_1                   0x0800020d   Thumb Code     0  libinit2.o(.ARM.Collect$$libinit$$0000001D)
    __rt_lib_init_stdio_1                    0x0800020d   Thumb Code     0  libinit2.o(.ARM.Collect$$libinit$$00000025)
    __rt_lib_init_user_alloc_1               0x0800020d   Thumb Code     0  libinit2.o(.ARM.Collect$$libinit$$0000000C)
    __rt_lib_shutdown                        0x0800020f   Thumb Code     0  libshutdown.o(.ARM.Collect$$libshutdown$$00000000)
    __rt_lib_shutdown_cpp_1                  0x08000211   Thumb Code     0  libshutdown2.o(.ARM.Collect$$libshutdown$$00000004)
    __rt_lib_shutdown_fini_1                 0x08000211   Thumb Code     0  libshutdown2.o(.ARM.Collect$$libshutdown$$00000002)
    __rt_lib_shutdown_fp_trap_1              0x08000211   Thumb Code     0  libshutdown2.o(.ARM.Collect$$libshutdown$$00000009)
    __rt_lib_shutdown_heap_1                 0x08000211   Thumb Code     0  libshutdown2.o(.ARM.Collect$$libshutdown$$00000011)
    __rt_lib_shutdown_return                 0x08000211   Thumb Code     0  libshutdown2.o(.ARM.Collect$$libshutdown$$00000012)
    __rt_lib_shutdown_signal_1               0x08000211   Thumb Code     0  libshutdown2.o(.ARM.Collect$$libshutdown$$0000000C)
    __rt_lib_shutdown_stdio_1                0x08000211   Thumb Code     0  libshutdown2.o(.ARM.Collect$$libshutdown$$00000006)
    __rt_lib_shutdown_user_alloc_1           0x08000211   Thumb Code     0  libshutdown2.o(.ARM.Collect$$libshutdown$$0000000E)
    __rt_entry                               0x08000213   Thumb Code     0  __rtentry.o(.ARM.Collect$$rtentry$$00000000)
    __rt_entry_presh_1                       0x08000213   Thumb Code     0  __rtentry2.o(.ARM.Collect$$rtentry$$00000002)
    __rt_entry_sh                            0x08000213   Thumb Code     0  __rtentry4.o(.ARM.Collect$$rtentry$$00000004)
    __rt_entry_li                            0x08000219   Thumb Code     0  __rtentry2.o(.ARM.Collect$$rtentry$$0000000A)
    __rt_entry_postsh_1                      0x08000219   Thumb Code     0  __rtentry2.o(.ARM.Collect$$rtentry$$00000009)
    __rt_entry_main                          0x0800021d   Thumb Code     0  __rtentry2.o(.ARM.Collect$$rtentry$$0000000D)
    __rt_entry_postli_1                      0x0800021d   Thumb Code     0  __rtentry2.o(.ARM.Collect$$rtentry$$0000000C)
    __rt_exit                                0x08000225   Thumb Code     0  rtexit.o(.ARM.Collect$$rtexit$$00000000)
    __rt_exit_ls                             0x08000227   Thumb Code     0  rtexit2.o(.ARM.Collect$$rtexit$$00000003)
    __rt_exit_prels_1                        0x08000227   Thumb Code     0  rtexit2.o(.ARM.Collect$$rtexit$$00000002)
    __rt_exit_exit                           0x0800022b   Thumb Code     0  rtexit2.o(.ARM.Collect$$rtexit$$00000004)
    Reset_Handler                            0x08000231   Thumb Code     8  startup_stm32f407xx.o(.text)
    ADC_IRQHandler                           0x0800024b   Thumb Code     0  startup_stm32f407xx.o(.text)
    CAN1_RX0_IRQHandler                      0x0800024b   Thumb Code     0  startup_stm32f407xx.o(.text)
    CAN1_RX1_IRQHandler                      0x0800024b   Thumb Code     0  startup_stm32f407xx.o(.text)
    CAN1_SCE_IRQHandler                      0x0800024b   Thumb Code     0  startup_stm32f407xx.o(.text)
    CAN1_TX_IRQHandler                       0x0800024b   Thumb Code     0  startup_stm32f407xx.o(.text)
    CAN2_RX0_IRQHandler                      0x0800024b   Thumb Code     0  startup_stm32f407xx.o(.text)
    CAN2_RX1_IRQHandler                      0x0800024b   Thumb Code     0  startup_stm32f407xx.o(.text)
    CAN2_SCE_IRQHandler                      0x0800024b   Thumb Code     0  startup_stm32f407xx.o(.text)
    CAN2_TX_IRQHandler                       0x0800024b   Thumb Code     0  startup_stm32f407xx.o(.text)
    DCMI_IRQHandler                          0x0800024b   Thumb Code     0  startup_stm32f407xx.o(.text)
    DMA1_Stream0_IRQHandler                  0x0800024b   Thumb Code     0  startup_stm32f407xx.o(.text)
    DMA1_Stream1_IRQHandler                  0x0800024b   Thumb Code     0  startup_stm32f407xx.o(.text)
    DMA1_Stream2_IRQHandler                  0x0800024b   Thumb Code     0  startup_stm32f407xx.o(.text)
    DMA1_Stream3_IRQHandler                  0x0800024b   Thumb Code     0  startup_stm32f407xx.o(.text)
    DMA1_Stream4_IRQHandler                  0x0800024b   Thumb Code     0  startup_stm32f407xx.o(.text)
    DMA1_Stream5_IRQHandler                  0x0800024b   Thumb Code     0  startup_stm32f407xx.o(.text)
    DMA1_Stream6_IRQHandler                  0x0800024b   Thumb Code     0  startup_stm32f407xx.o(.text)
    DMA1_Stream7_IRQHandler                  0x0800024b   Thumb Code     0  startup_stm32f407xx.o(.text)
    DMA2_Stream0_IRQHandler                  0x0800024b   Thumb Code     0  startup_stm32f407xx.o(.text)
    DMA2_Stream1_IRQHandler                  0x0800024b   Thumb Code     0  startup_stm32f407xx.o(.text)
    DMA2_Stream2_IRQHandler                  0x0800024b   Thumb Code     0  startup_stm32f407xx.o(.text)
    DMA2_Stream3_IRQHandler                  0x0800024b   Thumb Code     0  startup_stm32f407xx.o(.text)
    DMA2_Stream4_IRQHandler                  0x0800024b   Thumb Code     0  startup_stm32f407xx.o(.text)
    DMA2_Stream5_IRQHandler                  0x0800024b   Thumb Code     0  startup_stm32f407xx.o(.text)
    DMA2_Stream6_IRQHandler                  0x0800024b   Thumb Code     0  startup_stm32f407xx.o(.text)
    DMA2_Stream7_IRQHandler                  0x0800024b   Thumb Code     0  startup_stm32f407xx.o(.text)
    ETH_IRQHandler                           0x0800024b   Thumb Code     0  startup_stm32f407xx.o(.text)
    ETH_WKUP_IRQHandler                      0x0800024b   Thumb Code     0  startup_stm32f407xx.o(.text)
    EXTI0_IRQHandler                         0x0800024b   Thumb Code     0  startup_stm32f407xx.o(.text)
    EXTI15_10_IRQHandler                     0x0800024b   Thumb Code     0  startup_stm32f407xx.o(.text)
    EXTI1_IRQHandler                         0x0800024b   Thumb Code     0  startup_stm32f407xx.o(.text)
    EXTI2_IRQHandler                         0x0800024b   Thumb Code     0  startup_stm32f407xx.o(.text)
    EXTI3_IRQHandler                         0x0800024b   Thumb Code     0  startup_stm32f407xx.o(.text)
    EXTI4_IRQHandler                         0x0800024b   Thumb Code     0  startup_stm32f407xx.o(.text)
    EXTI9_5_IRQHandler                       0x0800024b   Thumb Code     0  startup_stm32f407xx.o(.text)
    FLASH_IRQHandler                         0x0800024b   Thumb Code     0  startup_stm32f407xx.o(.text)
    FMC_IRQHandler                           0x0800024b   Thumb Code     0  startup_stm32f407xx.o(.text)
    FPU_IRQHandler                           0x0800024b   Thumb Code     0  startup_stm32f407xx.o(.text)
    HASH_RNG_IRQHandler                      0x0800024b   Thumb Code     0  startup_stm32f407xx.o(.text)
    I2C1_ER_IRQHandler                       0x0800024b   Thumb Code     0  startup_stm32f407xx.o(.text)
    I2C1_EV_IRQHandler                       0x0800024b   Thumb Code     0  startup_stm32f407xx.o(.text)
    I2C2_ER_IRQHandler                       0x0800024b   Thumb Code     0  startup_stm32f407xx.o(.text)
    I2C2_EV_IRQHandler                       0x0800024b   Thumb Code     0  startup_stm32f407xx.o(.text)
    I2C3_ER_IRQHandler                       0x0800024b   Thumb Code     0  startup_stm32f407xx.o(.text)
    I2C3_EV_IRQHandler                       0x0800024b   Thumb Code     0  startup_stm32f407xx.o(.text)
    OTG_FS_IRQHandler                        0x0800024b   Thumb Code     0  startup_stm32f407xx.o(.text)
    OTG_FS_WKUP_IRQHandler                   0x0800024b   Thumb Code     0  startup_stm32f407xx.o(.text)
    OTG_HS_EP1_IN_IRQHandler                 0x0800024b   Thumb Code     0  startup_stm32f407xx.o(.text)
    OTG_HS_EP1_OUT_IRQHandler                0x0800024b   Thumb Code     0  startup_stm32f407xx.o(.text)
    OTG_HS_IRQHandler                        0x0800024b   Thumb Code     0  startup_stm32f407xx.o(.text)
    OTG_HS_WKUP_IRQHandler                   0x0800024b   Thumb Code     0  startup_stm32f407xx.o(.text)
    PVD_IRQHandler                           0x0800024b   Thumb Code     0  startup_stm32f407xx.o(.text)
    RCC_IRQHandler                           0x0800024b   Thumb Code     0  startup_stm32f407xx.o(.text)
    RTC_Alarm_IRQHandler                     0x0800024b   Thumb Code     0  startup_stm32f407xx.o(.text)
    RTC_WKUP_IRQHandler                      0x0800024b   Thumb Code     0  startup_stm32f407xx.o(.text)
    SDIO_IRQHandler                          0x0800024b   Thumb Code     0  startup_stm32f407xx.o(.text)
    SPI1_IRQHandler                          0x0800024b   Thumb Code     0  startup_stm32f407xx.o(.text)
    SPI2_IRQHandler                          0x0800024b   Thumb Code     0  startup_stm32f407xx.o(.text)
    SPI3_IRQHandler                          0x0800024b   Thumb Code     0  startup_stm32f407xx.o(.text)
    TAMP_STAMP_IRQHandler                    0x0800024b   Thumb Code     0  startup_stm32f407xx.o(.text)
    TIM1_BRK_TIM9_IRQHandler                 0x0800024b   Thumb Code     0  startup_stm32f407xx.o(.text)
    TIM1_CC_IRQHandler                       0x0800024b   Thumb Code     0  startup_stm32f407xx.o(.text)
    TIM1_TRG_COM_TIM11_IRQHandler            0x0800024b   Thumb Code     0  startup_stm32f407xx.o(.text)
    TIM1_UP_TIM10_IRQHandler                 0x0800024b   Thumb Code     0  startup_stm32f407xx.o(.text)
    TIM2_IRQHandler                          0x0800024b   Thumb Code     0  startup_stm32f407xx.o(.text)
    TIM3_IRQHandler                          0x0800024b   Thumb Code     0  startup_stm32f407xx.o(.text)
    TIM4_IRQHandler                          0x0800024b   Thumb Code     0  startup_stm32f407xx.o(.text)
    TIM5_IRQHandler                          0x0800024b   Thumb Code     0  startup_stm32f407xx.o(.text)
    TIM6_DAC_IRQHandler                      0x0800024b   Thumb Code     0  startup_stm32f407xx.o(.text)
    TIM7_IRQHandler                          0x0800024b   Thumb Code     0  startup_stm32f407xx.o(.text)
    TIM8_BRK_TIM12_IRQHandler                0x0800024b   Thumb Code     0  startup_stm32f407xx.o(.text)
    TIM8_CC_IRQHandler                       0x0800024b   Thumb Code     0  startup_stm32f407xx.o(.text)
    TIM8_TRG_COM_TIM14_IRQHandler            0x0800024b   Thumb Code     0  startup_stm32f407xx.o(.text)
    TIM8_UP_TIM13_IRQHandler                 0x0800024b   Thumb Code     0  startup_stm32f407xx.o(.text)
    UART4_IRQHandler                         0x0800024b   Thumb Code     0  startup_stm32f407xx.o(.text)
    UART5_IRQHandler                         0x0800024b   Thumb Code     0  startup_stm32f407xx.o(.text)
    USART1_IRQHandler                        0x0800024b   Thumb Code     0  startup_stm32f407xx.o(.text)
    USART2_IRQHandler                        0x0800024b   Thumb Code     0  startup_stm32f407xx.o(.text)
    USART3_IRQHandler                        0x0800024b   Thumb Code     0  startup_stm32f407xx.o(.text)
    USART6_IRQHandler                        0x0800024b   Thumb Code     0  startup_stm32f407xx.o(.text)
    WWDG_IRQHandler                          0x0800024b   Thumb Code     0  startup_stm32f407xx.o(.text)
    __user_initial_stackheap                 0x0800024d   Thumb Code     0  startup_stm32f407xx.o(.text)
    __aeabi_uldivmod                         0x08000271   Thumb Code     0  lludivv7m.o(.text)
    _ll_udiv                                 0x08000271   Thumb Code   238  lludivv7m.o(.text)
    __2sprintf                               0x08000361   Thumb Code    34  noretval__2sprintf.o(.text)
    _printf_int_dec                          0x08000389   Thumb Code   104  _printf_dec.o(.text)
    __printf                                 0x08000401   Thumb Code   270  __printf_wp.o(.text)
    strcpy                                   0x0800050f   Thumb Code    72  strcpy.o(.text)
    __aeabi_memclr4                          0x08000557   Thumb Code     0  rt_memclr_w.o(.text)
    __aeabi_memclr8                          0x08000557   Thumb Code     0  rt_memclr_w.o(.text)
    __rt_memclr_w                            0x08000557   Thumb Code    78  rt_memclr_w.o(.text)
    _memset_w                                0x0800055b   Thumb Code     0  rt_memclr_w.o(.text)
    __use_two_region_memory                  0x080005a5   Thumb Code     2  heapauxi.o(.text)
    __rt_heap_escrow                         0x080005a7   Thumb Code     2  heapauxi.o(.text)
    __rt_heap_expand                         0x080005a9   Thumb Code     2  heapauxi.o(.text)
    __read_errno                             0x080005ab   Thumb Code    10  _rserrno.o(.text)
    __set_errno                              0x080005b5   Thumb Code    12  _rserrno.o(.text)
    _printf_int_common                       0x080005c1   Thumb Code   178  _printf_intcommon.o(.text)
    _printf_char_common                      0x0800067f   Thumb Code    32  _printf_char_common.o(.text)
    _sputc                                   0x080006a5   Thumb Code    10  _sputc.o(.text)
    __user_libspace                          0x080006b1   Thumb Code     8  libspace.o(.text)
    __user_perproc_libspace                  0x080006b1   Thumb Code     0  libspace.o(.text)
    __user_perthread_libspace                0x080006b1   Thumb Code     0  libspace.o(.text)
    __aeabi_errno_addr                       0x080006b9   Thumb Code     8  rt_errno_addr_intlibspace.o(.text)
    __errno$intlibspace                      0x080006b9   Thumb Code     0  rt_errno_addr_intlibspace.o(.text)
    __rt_errno_addr$intlibspace              0x080006b9   Thumb Code     0  rt_errno_addr_intlibspace.o(.text)
    __I$use$semihosting                      0x080006c1   Thumb Code     0  use_no_semi.o(.text)
    __use_no_semihosting_swi                 0x080006c1   Thumb Code     2  use_no_semi.o(.text)
    __semihosting_library_function           0x080006c3   Thumb Code     0  indicate_semi.o(.text)
    __user_setup_stackheap                   0x080006c3   Thumb Code    74  sys_stackheap_outer.o(.text)
    exit                                     0x0800070d   Thumb Code    18  exit.o(.text)
    _sys_exit                                0x08000721   Thumb Code     8  sys_exit.o(.text)
    BusFault_Handler                         0x08000855   Thumb Code     2  stm32f4xx_it.o(i.BusFault_Handler)
    DebugMon_Handler                         0x08000857   Thumb Code     2  stm32f4xx_it.o(i.DebugMon_Handler)
    Error_Handler                            0x08000859   Thumb Code     4  main.o(i.Error_Handler)
    HAL_ADC_ConfigChannel                    0x0800085d   Thumb Code   316  stm32f4xx_hal_adc.o(i.HAL_ADC_ConfigChannel)
    HAL_ADC_Init                             0x080009a9   Thumb Code    84  stm32f4xx_hal_adc.o(i.HAL_ADC_Init)
    HAL_ADC_MspInit                          0x080009fd   Thumb Code    30  stm32f4xx_hal_msp.o(i.HAL_ADC_MspInit)
    HAL_Delay                                0x08000a25   Thumb Code    32  stm32f4xx_hal.o(i.HAL_Delay)
    HAL_GPIO_Init                            0x08000a49   Thumb Code   450  stm32f4xx_hal_gpio.o(i.HAL_GPIO_Init)
    HAL_GPIO_ReadPin                         0x08000c39   Thumb Code    10  stm32f4xx_hal_gpio.o(i.HAL_GPIO_ReadPin)
    HAL_GPIO_WritePin                        0x08000c43   Thumb Code    10  stm32f4xx_hal_gpio.o(i.HAL_GPIO_WritePin)
    HAL_GetTick                              0x08000c4d   Thumb Code     6  stm32f4xx_hal.o(i.HAL_GetTick)
    HAL_IncTick                              0x08000c59   Thumb Code    12  stm32f4xx_hal.o(i.HAL_IncTick)
    HAL_Init                                 0x08000c69   Thumb Code    48  stm32f4xx_hal.o(i.HAL_Init)
    HAL_InitTick                             0x08000c9d   Thumb Code    54  stm32f4xx_hal.o(i.HAL_InitTick)
    HAL_MspInit                              0x08000cdd   Thumb Code    42  stm32f4xx_hal_msp.o(i.HAL_MspInit)
    HAL_NVIC_SetPriority                     0x08000d0d   Thumb Code    60  stm32f4xx_hal_cortex.o(i.HAL_NVIC_SetPriority)
    HAL_NVIC_SetPriorityGrouping             0x08000d4d   Thumb Code    26  stm32f4xx_hal_cortex.o(i.HAL_NVIC_SetPriorityGrouping)
    HAL_RCCEx_PeriphCLKConfig                0x08000d71   Thumb Code   296  stm32f4xx_hal_rcc_ex.o(i.HAL_RCCEx_PeriphCLKConfig)
    HAL_RCC_ClockConfig                      0x08000ead   Thumb Code   288  stm32f4xx_hal_rcc.o(i.HAL_RCC_ClockConfig)
    HAL_RCC_GetSysClockFreq                  0x08000fe1   Thumb Code    88  stm32f4xx_hal_rcc.o(i.HAL_RCC_GetSysClockFreq)
    HAL_RCC_OscConfig                        0x08001041   Thumb Code   856  stm32f4xx_hal_rcc.o(i.HAL_RCC_OscConfig)
    HAL_RTC_GetDate                          0x080013ad   Thumb Code    62  stm32f4xx_hal_rtc.o(i.HAL_RTC_GetDate)
    HAL_RTC_GetTime                          0x080013f1   Thumb Code    82  stm32f4xx_hal_rtc.o(i.HAL_RTC_GetTime)
    HAL_RTC_Init                             0x08001449   Thumb Code   166  stm32f4xx_hal_rtc.o(i.HAL_RTC_Init)
    HAL_RTC_MspInit                          0x080014f5   Thumb Code    48  stm32f4xx_hal_msp.o(i.HAL_RTC_MspInit)
    HAL_RTC_SetTime                          0x0800152d   Thumb Code   230  stm32f4xx_hal_rtc.o(i.HAL_RTC_SetTime)
    HAL_RTC_WaitForSynchro                   0x08001619   Thumb Code    54  stm32f4xx_hal_rtc.o(i.HAL_RTC_WaitForSynchro)
    HAL_SPI_Init                             0x0800164f   Thumb Code   188  stm32f4xx_hal_spi.o(i.HAL_SPI_Init)
    HAL_SPI_MspInit                          0x0800170d   Thumb Code   128  stm32f4xx_hal_msp.o(i.HAL_SPI_MspInit)
    HAL_SPI_Transmit                         0x0800179d   Thumb Code   358  stm32f4xx_hal_spi.o(i.HAL_SPI_Transmit)
    HAL_SYSTICK_Config                       0x08001903   Thumb Code    40  stm32f4xx_hal_cortex.o(i.HAL_SYSTICK_Config)
    HardFault_Handler                        0x0800192b   Thumb Code     2  stm32f4xx_it.o(i.HardFault_Handler)
    MemManage_Handler                        0x08001a71   Thumb Code     2  stm32f4xx_it.o(i.MemManage_Handler)
    NMI_Handler                              0x08001a73   Thumb Code     2  stm32f4xx_it.o(i.NMI_Handler)
    PendSV_Handler                           0x08001a75   Thumb Code     2  stm32f4xx_it.o(i.PendSV_Handler)
    RTC_Bcd2ToByte                           0x08001a77   Thumb Code    18  stm32f4xx_hal_rtc.o(i.RTC_Bcd2ToByte)
    RTC_ByteToBcd2                           0x08001a89   Thumb Code    22  stm32f4xx_hal_rtc.o(i.RTC_ByteToBcd2)
    RTC_EnterInitMode                        0x08001aa1   Thumb Code    58  stm32f4xx_hal_rtc.o(i.RTC_EnterInitMode)
    ST7735_DrawCircle                        0x08001bed   Thumb Code   272  st7735.o(i.ST7735_DrawCircle)
    ST7735_DrawLine                          0x08001cfd   Thumb Code   160  st7735.o(i.ST7735_DrawLine)
    ST7735_DrawPixel                         0x08001d9d   Thumb Code    94  st7735.o(i.ST7735_DrawPixel)
    ST7735_DrawString                        0x08001e05   Thumb Code   124  st7735.o(i.ST7735_DrawString)
    ST7735_FillRectangle                     0x08001ed1   Thumb Code   172  st7735.o(i.ST7735_FillRectangle)
    ST7735_FillScreen                        0x08001f89   Thumb Code    24  st7735.o(i.ST7735_FillScreen)
    ST7735_Init                              0x08001fa5   Thumb Code    82  st7735.o(i.ST7735_Init)
    ST7735_SetRotation                       0x08002059   Thumb Code   150  st7735.o(i.ST7735_SetRotation)
    SVC_Handler                              0x080021dd   Thumb Code     2  stm32f4xx_it.o(i.SVC_Handler)
    SysTick_Handler                          0x080021df   Thumb Code     4  stm32f4xx_it.o(i.SysTick_Handler)
    SystemClock_Config                       0x080021e5   Thumb Code   144  main.o(i.SystemClock_Config)
    SystemInit                               0x0800227d   Thumb Code    12  system_stm32f4xx.o(i.SystemInit)
    UsageFault_Handler                       0x0800228d   Thumb Code     2  stm32f4xx_it.o(i.UsageFault_Handler)
    __ARM_fpclassify                         0x0800228f   Thumb Code    48  fpclassify.o(i.__ARM_fpclassify)
    __hardfp_cos                             0x080022e1   Thumb Code   180  cos.o(i.__hardfp_cos)
    __hardfp_sin                             0x080023a9   Thumb Code   180  sin.o(i.__hardfp_sin)
    __ieee754_rem_pio2                       0x08002471   Thumb Code   938  rred.o(i.__ieee754_rem_pio2)
    __kernel_cos                             0x080028a9   Thumb Code   322  cos_i.o(i.__kernel_cos)
    __kernel_poly                            0x08002a19   Thumb Code   248  poly.o(i.__kernel_poly)
    __kernel_sin                             0x08002b11   Thumb Code   280  sin_i.o(i.__kernel_sin)
    __mathlib_dbl_infnan                     0x08002c41   Thumb Code    20  dunder.o(i.__mathlib_dbl_infnan)
    __mathlib_dbl_invalid                    0x08002c59   Thumb Code    24  dunder.o(i.__mathlib_dbl_invalid)
    __mathlib_dbl_underflow                  0x08002c79   Thumb Code    24  dunder.o(i.__mathlib_dbl_underflow)
    _is_digit                                0x08002c99   Thumb Code    14  __printf_wp.o(i._is_digit)
    fabs                                     0x08002ca7   Thumb Code    24  fabs.o(i.fabs)
    main                                     0x08002cc1   Thumb Code   578  main.o(i.main)
    mapTimeToDeg                             0x08002f89   Thumb Code    76  main.o(i.mapTimeToDeg)
    __aeabi_dneg                             0x08002fe5   Thumb Code     0  basic.o(x$fpl$basic)
    _dneg                                    0x08002fe5   Thumb Code     6  basic.o(x$fpl$basic)
    __aeabi_fneg                             0x08002feb   Thumb Code     0  basic.o(x$fpl$basic)
    _fneg                                    0x08002feb   Thumb Code     6  basic.o(x$fpl$basic)
    _dabs                                    0x08002ff1   Thumb Code     6  basic.o(x$fpl$basic)
    _fabs                                    0x08002ff7   Thumb Code     6  basic.o(x$fpl$basic)
    __aeabi_dadd                             0x08002ffd   Thumb Code     0  daddsub_clz.o(x$fpl$dadd)
    _dadd                                    0x08002ffd   Thumb Code   332  daddsub_clz.o(x$fpl$dadd)
    __aeabi_ddiv                             0x0800314d   Thumb Code     0  ddiv.o(x$fpl$ddiv)
    _ddiv                                    0x0800314d   Thumb Code   552  ddiv.o(x$fpl$ddiv)
    __aeabi_d2iz                             0x080033fd   Thumb Code     0  dfix.o(x$fpl$dfix)
    _dfix                                    0x080033fd   Thumb Code    94  dfix.o(x$fpl$dfix)
    __aeabi_i2d                              0x0800345b   Thumb Code     0  dflt_clz.o(x$fpl$dflt)
    _dflt                                    0x0800345b   Thumb Code    46  dflt_clz.o(x$fpl$dflt)
    __aeabi_ui2d                             0x08003489   Thumb Code     0  dflt_clz.o(x$fpl$dfltu)
    _dfltu                                   0x08003489   Thumb Code    38  dflt_clz.o(x$fpl$dfltu)
    __aeabi_dmul                             0x080034b1   Thumb Code     0  dmul.o(x$fpl$dmul)
    _dmul                                    0x080034b1   Thumb Code   332  dmul.o(x$fpl$dmul)
    __fpl_dnaninf                            0x08003605   Thumb Code   156  dnaninf.o(x$fpl$dnaninf)
    __fpl_dretinf                            0x080036a1   Thumb Code    12  dretinf.o(x$fpl$dretinf)
    __aeabi_drsub                            0x080036ad   Thumb Code     0  daddsub_clz.o(x$fpl$drsb)
    _drsb                                    0x080036ad   Thumb Code    22  daddsub_clz.o(x$fpl$drsb)
    __aeabi_dsub                             0x080036c5   Thumb Code     0  daddsub_clz.o(x$fpl$dsub)
    _dsub                                    0x080036c5   Thumb Code   464  daddsub_clz.o(x$fpl$dsub)
    _fp_init                                 0x08003899   Thumb Code    10  fpinit.o(x$fpl$fpinit)
    __fplib_config_fpu_vfp                   0x080038a1   Thumb Code     0  fpinit.o(x$fpl$fpinit)
    __fplib_config_pureend_doubles           0x080038a1   Thumb Code     0  fpinit.o(x$fpl$fpinit)
    __I$use$fp                               0x080038a2   Number         0  usenofp.o(x$fpl$usenofp)
    AHBPrescTable                            0x080059be   Data          16  system_stm32f4xx.o(.constdata)
    Region$$Table$$Base                      0x08005af0   Number         0  anon$$obj.o(Region$$Table)
    Region$$Table$$Limit                     0x08005b10   Number         0  anon$$obj.o(Region$$Table)
    Font_11x18                               0x2000000c   Data           8  fonts.o(.data)
    Font_16x26                               0x20000014   Data           8  fonts.o(.data)
    r                                        0x2000001c   Data           1  main.o(.data)
    sDate                                    0x2000001d   Data           4  main.o(.data)
    uwTickFreq                               0x20000024   Data           1  stm32f4xx_hal.o(.data)
    uwTickPrio                               0x20000028   Data           4  stm32f4xx_hal.o(.data)
    uwTick                                   0x2000002c   Data           4  stm32f4xx_hal.o(.data)
    SystemCoreClock                          0x20000030   Data           4  system_stm32f4xx.o(.data)
    sTime                                    0x20000034   Data          20  main.o(.bss)
    hspi2                                    0x20000048   Data          88  main.o(.bss)
    hadc1                                    0x200000a0   Data          72  main.o(.bss)
    hrtc                                     0x200000e8   Data          32  main.o(.bss)
    __libspace_start                         0x20000108   Data          96  libspace.o(.bss)
    __temporary_stack_top$libspace           0x20000168   Data           0  libspace.o(.bss)



==============================================================================

Memory Map of the image

  Image Entry point : 0x08000189

  Load Region LR_IROM1 (Base: 0x08000000, Size: 0x00005b44, Max: 0x00080000, ABSOLUTE)

    Execution Region ER_IROM1 (Exec base: 0x08000000, Load base: 0x08000000, Size: 0x00005b10, Max: 0x00080000, ABSOLUTE)

    Exec Addr    Load Addr    Size         Type   Attr      Idx    E Section Name        Object

    0x08000000   0x08000000   0x00000188   Data   RO            3    RESET               startup_stm32f407xx.o
    0x08000188   0x08000188   0x00000008   Code   RO         2989  * !!!main             c_w.l(__main.o)
    0x08000190   0x08000190   0x00000034   Code   RO         3311    !!!scatter          c_w.l(__scatter.o)
    0x080001c4   0x080001c4   0x0000001a   Code   RO         3313    !!handler_copy      c_w.l(__scatter_copy.o)
    0x080001de   0x080001de   0x00000002   PAD
    0x080001e0   0x080001e0   0x0000001c   Code   RO         3315    !!handler_zi        c_w.l(__scatter_zi.o)
    0x080001fc   0x080001fc   0x00000000   Code   RO         2982    .ARM.Collect$$_printf_percent$$00000000  c_w.l(_printf_percent.o)
    0x080001fc   0x080001fc   0x00000006   Code   RO         2981    .ARM.Collect$$_printf_percent$$00000009  c_w.l(_printf_d.o)
    0x08000202   0x08000202   0x00000004   Code   RO         3073    .ARM.Collect$$_printf_percent$$00000017  c_w.l(_printf_percent_end.o)
    0x08000206   0x08000206   0x00000002   Code   RO         3248    .ARM.Collect$$libinit$$00000000  c_w.l(libinit.o)
    0x08000208   0x08000208   0x00000004   Code   RO         3078    .ARM.Collect$$libinit$$00000001  c_w.l(libinit2.o)
    0x0800020c   0x0800020c   0x00000000   Code   RO         3081    .ARM.Collect$$libinit$$00000004  c_w.l(libinit2.o)
    0x0800020c   0x0800020c   0x00000000   Code   RO         3084    .ARM.Collect$$libinit$$0000000A  c_w.l(libinit2.o)
    0x0800020c   0x0800020c   0x00000000   Code   RO         3086    .ARM.Collect$$libinit$$0000000C  c_w.l(libinit2.o)
    0x0800020c   0x0800020c   0x00000000   Code   RO         3088    .ARM.Collect$$libinit$$0000000E  c_w.l(libinit2.o)
    0x0800020c   0x0800020c   0x00000000   Code   RO         3091    .ARM.Collect$$libinit$$00000011  c_w.l(libinit2.o)
    0x0800020c   0x0800020c   0x00000000   Code   RO         3093    .ARM.Collect$$libinit$$00000013  c_w.l(libinit2.o)
    0x0800020c   0x0800020c   0x00000000   Code   RO         3095    .ARM.Collect$$libinit$$00000015  c_w.l(libinit2.o)
    0x0800020c   0x0800020c   0x00000000   Code   RO         3097    .ARM.Collect$$libinit$$00000017  c_w.l(libinit2.o)
    0x0800020c   0x0800020c   0x00000000   Code   RO         3099    .ARM.Collect$$libinit$$00000019  c_w.l(libinit2.o)
    0x0800020c   0x0800020c   0x00000000   Code   RO         3101    .ARM.Collect$$libinit$$0000001B  c_w.l(libinit2.o)
    0x0800020c   0x0800020c   0x00000000   Code   RO         3103    .ARM.Collect$$libinit$$0000001D  c_w.l(libinit2.o)
    0x0800020c   0x0800020c   0x00000000   Code   RO         3105    .ARM.Collect$$libinit$$0000001F  c_w.l(libinit2.o)
    0x0800020c   0x0800020c   0x00000000   Code   RO         3107    .ARM.Collect$$libinit$$00000021  c_w.l(libinit2.o)
    0x0800020c   0x0800020c   0x00000000   Code   RO         3109    .ARM.Collect$$libinit$$00000023  c_w.l(libinit2.o)
    0x0800020c   0x0800020c   0x00000000   Code   RO         3111    .ARM.Collect$$libinit$$00000025  c_w.l(libinit2.o)
    0x0800020c   0x0800020c   0x00000000   Code   RO         3115    .ARM.Collect$$libinit$$0000002C  c_w.l(libinit2.o)
    0x0800020c   0x0800020c   0x00000000   Code   RO         3117    .ARM.Collect$$libinit$$0000002E  c_w.l(libinit2.o)
    0x0800020c   0x0800020c   0x00000000   Code   RO         3119    .ARM.Collect$$libinit$$00000030  c_w.l(libinit2.o)
    0x0800020c   0x0800020c   0x00000000   Code   RO         3121    .ARM.Collect$$libinit$$00000032  c_w.l(libinit2.o)
    0x0800020c   0x0800020c   0x00000002   Code   RO         3122    .ARM.Collect$$libinit$$00000033  c_w.l(libinit2.o)
    0x0800020e   0x0800020e   0x00000002   Code   RO         3308    .ARM.Collect$$libshutdown$$00000000  c_w.l(libshutdown.o)
    0x08000210   0x08000210   0x00000000   Code   RO         3264    .ARM.Collect$$libshutdown$$00000002  c_w.l(libshutdown2.o)
    0x08000210   0x08000210   0x00000000   Code   RO         3266    .ARM.Collect$$libshutdown$$00000004  c_w.l(libshutdown2.o)
    0x08000210   0x08000210   0x00000000   Code   RO         3268    .ARM.Collect$$libshutdown$$00000006  c_w.l(libshutdown2.o)
    0x08000210   0x08000210   0x00000000   Code   RO         3271    .ARM.Collect$$libshutdown$$00000009  c_w.l(libshutdown2.o)
    0x08000210   0x08000210   0x00000000   Code   RO         3274    .ARM.Collect$$libshutdown$$0000000C  c_w.l(libshutdown2.o)
    0x08000210   0x08000210   0x00000000   Code   RO         3276    .ARM.Collect$$libshutdown$$0000000E  c_w.l(libshutdown2.o)
    0x08000210   0x08000210   0x00000000   Code   RO         3279    .ARM.Collect$$libshutdown$$00000011  c_w.l(libshutdown2.o)
    0x08000210   0x08000210   0x00000002   Code   RO         3280    .ARM.Collect$$libshutdown$$00000012  c_w.l(libshutdown2.o)
    0x08000212   0x08000212   0x00000000   Code   RO         3035    .ARM.Collect$$rtentry$$00000000  c_w.l(__rtentry.o)
    0x08000212   0x08000212   0x00000000   Code   RO         3164    .ARM.Collect$$rtentry$$00000002  c_w.l(__rtentry2.o)
    0x08000212   0x08000212   0x00000006   Code   RO         3176    .ARM.Collect$$rtentry$$00000004  c_w.l(__rtentry4.o)
    0x08000218   0x08000218   0x00000000   Code   RO         3166    .ARM.Collect$$rtentry$$00000009  c_w.l(__rtentry2.o)
    0x08000218   0x08000218   0x00000004   Code   RO         3167    .ARM.Collect$$rtentry$$0000000A  c_w.l(__rtentry2.o)
    0x0800021c   0x0800021c   0x00000000   Code   RO         3169    .ARM.Collect$$rtentry$$0000000C  c_w.l(__rtentry2.o)
    0x0800021c   0x0800021c   0x00000008   Code   RO         3170    .ARM.Collect$$rtentry$$0000000D  c_w.l(__rtentry2.o)
    0x08000224   0x08000224   0x00000002   Code   RO         3251    .ARM.Collect$$rtexit$$00000000  c_w.l(rtexit.o)
    0x08000226   0x08000226   0x00000000   Code   RO         3284    .ARM.Collect$$rtexit$$00000002  c_w.l(rtexit2.o)
    0x08000226   0x08000226   0x00000004   Code   RO         3285    .ARM.Collect$$rtexit$$00000003  c_w.l(rtexit2.o)
    0x0800022a   0x0800022a   0x00000006   Code   RO         3286    .ARM.Collect$$rtexit$$00000004  c_w.l(rtexit2.o)
    0x08000230   0x08000230   0x00000040   Code   RO            4    .text               startup_stm32f407xx.o
    0x08000270   0x08000270   0x000000ee   Code   RO         2951    .text               c_w.l(lludivv7m.o)
    0x0800035e   0x0800035e   0x00000002   PAD
    0x08000360   0x08000360   0x00000028   Code   RO         2955    .text               c_w.l(noretval__2sprintf.o)
    0x08000388   0x08000388   0x00000078   Code   RO         2959    .text               c_w.l(_printf_dec.o)
    0x08000400   0x08000400   0x0000010e   Code   RO         2969    .text               c_w.l(__printf_wp.o)
    0x0800050e   0x0800050e   0x00000048   Code   RO         2983    .text               c_w.l(strcpy.o)
    0x08000556   0x08000556   0x0000004e   Code   RO         2985    .text               c_w.l(rt_memclr_w.o)
    0x080005a4   0x080005a4   0x00000006   Code   RO         2987    .text               c_w.l(heapauxi.o)
    0x080005aa   0x080005aa   0x00000016   Code   RO         3065    .text               c_w.l(_rserrno.o)
    0x080005c0   0x080005c0   0x000000b2   Code   RO         3067    .text               c_w.l(_printf_intcommon.o)
    0x08000672   0x08000672   0x00000002   PAD
    0x08000674   0x08000674   0x00000030   Code   RO         3069    .text               c_w.l(_printf_char_common.o)
    0x080006a4   0x080006a4   0x0000000a   Code   RO         3071    .text               c_w.l(_sputc.o)
    0x080006ae   0x080006ae   0x00000002   PAD
    0x080006b0   0x080006b0   0x00000008   Code   RO         3160    .text               c_w.l(libspace.o)
    0x080006b8   0x080006b8   0x00000008   Code   RO         3183    .text               c_w.l(rt_errno_addr_intlibspace.o)
    0x080006c0   0x080006c0   0x00000002   Code   RO         3220    .text               c_w.l(use_no_semi.o)
    0x080006c2   0x080006c2   0x00000000   Code   RO         3222    .text               c_w.l(indicate_semi.o)
    0x080006c2   0x080006c2   0x0000004a   Code   RO         3223    .text               c_w.l(sys_stackheap_outer.o)
    0x0800070c   0x0800070c   0x00000012   Code   RO         3229    .text               c_w.l(exit.o)
    0x0800071e   0x0800071e   0x00000002   PAD
    0x08000720   0x08000720   0x0000000c   Code   RO         3249    .text               c_w.l(sys_exit.o)
    0x0800072c   0x0800072c   0x00000128   Code   RO          692    i.ADC_Init          stm32f4xx_hal_adc.o
    0x08000854   0x08000854   0x00000002   Code   RO          554    i.BusFault_Handler  stm32f4xx_it.o
    0x08000856   0x08000856   0x00000002   Code   RO          555    i.DebugMon_Handler  stm32f4xx_it.o
    0x08000858   0x08000858   0x00000004   Code   RO          367    i.Error_Handler     main.o
    0x0800085c   0x0800085c   0x0000014c   Code   RO          694    i.HAL_ADC_ConfigChannel  stm32f4xx_hal_adc.o
    0x080009a8   0x080009a8   0x00000054   Code   RO          703    i.HAL_ADC_Init      stm32f4xx_hal_adc.o
    0x080009fc   0x080009fc   0x00000028   Code   RO          630    i.HAL_ADC_MspInit   stm32f4xx_hal_msp.o
    0x08000a24   0x08000a24   0x00000024   Code   RO         1848    i.HAL_Delay         stm32f4xx_hal.o
    0x08000a48   0x08000a48   0x000001f0   Code   RO         1322    i.HAL_GPIO_Init     stm32f4xx_hal_gpio.o
    0x08000c38   0x08000c38   0x0000000a   Code   RO         1324    i.HAL_GPIO_ReadPin  stm32f4xx_hal_gpio.o
    0x08000c42   0x08000c42   0x0000000a   Code   RO         1326    i.HAL_GPIO_WritePin  stm32f4xx_hal_gpio.o
    0x08000c4c   0x08000c4c   0x0000000c   Code   RO         1854    i.HAL_GetTick       stm32f4xx_hal.o
    0x08000c58   0x08000c58   0x00000010   Code   RO         1860    i.HAL_IncTick       stm32f4xx_hal.o
    0x08000c68   0x08000c68   0x00000034   Code   RO         1861    i.HAL_Init          stm32f4xx_hal.o
    0x08000c9c   0x08000c9c   0x00000040   Code   RO         1862    i.HAL_InitTick      stm32f4xx_hal.o
    0x08000cdc   0x08000cdc   0x00000030   Code   RO          631    i.HAL_MspInit       stm32f4xx_hal_msp.o
    0x08000d0c   0x08000d0c   0x00000040   Code   RO         1717    i.HAL_NVIC_SetPriority  stm32f4xx_hal_cortex.o
    0x08000d4c   0x08000d4c   0x00000024   Code   RO         1718    i.HAL_NVIC_SetPriorityGrouping  stm32f4xx_hal_cortex.o
    0x08000d70   0x08000d70   0x0000013c   Code   RO         1073    i.HAL_RCCEx_PeriphCLKConfig  stm32f4xx_hal_rcc_ex.o
    0x08000eac   0x08000eac   0x00000134   Code   RO          968    i.HAL_RCC_ClockConfig  stm32f4xx_hal_rcc.o
    0x08000fe0   0x08000fe0   0x00000060   Code   RO          977    i.HAL_RCC_GetSysClockFreq  stm32f4xx_hal_rcc.o
    0x08001040   0x08001040   0x0000036c   Code   RO          980    i.HAL_RCC_OscConfig  stm32f4xx_hal_rcc.o
    0x080013ac   0x080013ac   0x00000044   Code   RO         2109    i.HAL_RTC_GetDate   stm32f4xx_hal_rtc.o
    0x080013f0   0x080013f0   0x00000058   Code   RO         2111    i.HAL_RTC_GetTime   stm32f4xx_hal_rtc.o
    0x08001448   0x08001448   0x000000ac   Code   RO         2112    i.HAL_RTC_Init      stm32f4xx_hal_rtc.o
    0x080014f4   0x080014f4   0x00000038   Code   RO          633    i.HAL_RTC_MspInit   stm32f4xx_hal_msp.o
    0x0800152c   0x0800152c   0x000000ec   Code   RO         2119    i.HAL_RTC_SetTime   stm32f4xx_hal_rtc.o
    0x08001618   0x08001618   0x00000036   Code   RO         2120    i.HAL_RTC_WaitForSynchro  stm32f4xx_hal_rtc.o
    0x0800164e   0x0800164e   0x000000bc   Code   RO         2505    i.HAL_SPI_Init      stm32f4xx_hal_spi.o
    0x0800170a   0x0800170a   0x00000002   PAD
    0x0800170c   0x0800170c   0x00000090   Code   RO          635    i.HAL_SPI_MspInit   stm32f4xx_hal_msp.o
    0x0800179c   0x0800179c   0x00000166   Code   RO         2513    i.HAL_SPI_Transmit  stm32f4xx_hal_spi.o
    0x08001902   0x08001902   0x00000028   Code   RO         1722    i.HAL_SYSTICK_Config  stm32f4xx_hal_cortex.o
    0x0800192a   0x0800192a   0x00000002   Code   RO          556    i.HardFault_Handler  stm32f4xx_it.o
    0x0800192c   0x0800192c   0x00000064   Code   RO          368    i.MX_ADC1_Init      main.o
    0x08001990   0x08001990   0x000000a0   Code   RO          369    i.MX_GPIO_Init      main.o
    0x08001a30   0x08001a30   0x00000040   Code   RO          370    i.MX_SPI2_Init      main.o
    0x08001a70   0x08001a70   0x00000002   Code   RO          557    i.MemManage_Handler  stm32f4xx_it.o
    0x08001a72   0x08001a72   0x00000002   Code   RO          558    i.NMI_Handler       stm32f4xx_it.o
    0x08001a74   0x08001a74   0x00000002   Code   RO          559    i.PendSV_Handler    stm32f4xx_it.o
    0x08001a76   0x08001a76   0x00000012   Code   RO         2121    i.RTC_Bcd2ToByte    stm32f4xx_hal_rtc.o
    0x08001a88   0x08001a88   0x00000016   Code   RO         2122    i.RTC_ByteToBcd2    stm32f4xx_hal_rtc.o
    0x08001a9e   0x08001a9e   0x00000002   PAD
    0x08001aa0   0x08001aa0   0x0000003a   Code   RO         2123    i.RTC_EnterInitMode  stm32f4xx_hal_rtc.o
    0x08001ada   0x08001ada   0x00000002   PAD
    0x08001adc   0x08001adc   0x00000058   Code   RO         2543    i.SPI_EndRxTxTransaction  stm32f4xx_hal_spi.o
    0x08001b34   0x08001b34   0x000000b8   Code   RO         2548    i.SPI_WaitFlagStateUntilTimeout  stm32f4xx_hal_spi.o
    0x08001bec   0x08001bec   0x00000110   Code   RO           15    i.ST7735_DrawCircle  st7735.o
    0x08001cfc   0x08001cfc   0x000000a0   Code   RO           21    i.ST7735_DrawLine   st7735.o
    0x08001d9c   0x08001d9c   0x00000068   Code   RO           22    i.ST7735_DrawPixel  st7735.o
    0x08001e04   0x08001e04   0x00000084   Code   RO           25    i.ST7735_DrawString  st7735.o
    0x08001e88   0x08001e88   0x00000046   Code   RO           28    i.ST7735_ExecuteCommandList  st7735.o
    0x08001ece   0x08001ece   0x00000002   PAD
    0x08001ed0   0x08001ed0   0x000000b8   Code   RO           32    i.ST7735_FillRectangle  st7735.o
    0x08001f88   0x08001f88   0x0000001c   Code   RO           34    i.ST7735_FillScreen  st7735.o
    0x08001fa4   0x08001fa4   0x0000005c   Code   RO           39    i.ST7735_Init       st7735.o
    0x08002000   0x08002000   0x00000058   Code   RO           41    i.ST7735_SetAddressWindow  st7735.o
    0x08002058   0x08002058   0x000000a0   Code   RO           42    i.ST7735_SetRotation  st7735.o
    0x080020f8   0x080020f8   0x00000090   Code   RO           43    i.ST7735_WriteChar  st7735.o
    0x08002188   0x08002188   0x00000028   Code   RO           44    i.ST7735_WriteCommand  st7735.o
    0x080021b0   0x080021b0   0x0000002c   Code   RO           45    i.ST7735_WriteData  st7735.o
    0x080021dc   0x080021dc   0x00000002   Code   RO          560    i.SVC_Handler       stm32f4xx_it.o
    0x080021de   0x080021de   0x00000004   Code   RO          561    i.SysTick_Handler   stm32f4xx_it.o
    0x080021e2   0x080021e2   0x00000002   PAD
    0x080021e4   0x080021e4   0x00000098   Code   RO          371    i.SystemClock_Config  main.o
    0x0800227c   0x0800227c   0x00000010   Code   RO         2853    i.SystemInit        system_stm32f4xx.o
    0x0800228c   0x0800228c   0x00000002   Code   RO          562    i.UsageFault_Handler  stm32f4xx_it.o
    0x0800228e   0x0800228e   0x00000030   Code   RO         3216    i.__ARM_fpclassify  m_wm.l(fpclassify.o)
    0x080022be   0x080022be   0x00000020   Code   RO         1724    i.__NVIC_SetPriority  stm32f4xx_hal_cortex.o
    0x080022de   0x080022de   0x00000002   PAD
    0x080022e0   0x080022e0   0x000000c8   Code   RO         3009    i.__hardfp_cos      m_wm.l(cos.o)
    0x080023a8   0x080023a8   0x000000c8   Code   RO         3021    i.__hardfp_sin      m_wm.l(sin.o)
    0x08002470   0x08002470   0x00000438   Code   RO         3147    i.__ieee754_rem_pio2  m_wm.l(rred.o)
    0x080028a8   0x080028a8   0x00000170   Code   RO         3130    i.__kernel_cos      m_wm.l(cos_i.o)
    0x08002a18   0x08002a18   0x000000f8   Code   RO         3218    i.__kernel_poly     m_wm.l(poly.o)
    0x08002b10   0x08002b10   0x00000130   Code   RO         3152    i.__kernel_sin      m_wm.l(sin_i.o)
    0x08002c40   0x08002c40   0x00000014   Code   RO         3134    i.__mathlib_dbl_infnan  m_wm.l(dunder.o)
    0x08002c54   0x08002c54   0x00000004   PAD
    0x08002c58   0x08002c58   0x00000020   Code   RO         3136    i.__mathlib_dbl_invalid  m_wm.l(dunder.o)
    0x08002c78   0x08002c78   0x00000020   Code   RO         3139    i.__mathlib_dbl_underflow  m_wm.l(dunder.o)
    0x08002c98   0x08002c98   0x0000000e   Code   RO         2971    i._is_digit         c_w.l(__printf_wp.o)
    0x08002ca6   0x08002ca6   0x00000018   Code   RO         3212    i.fabs              m_wm.l(fabs.o)
    0x08002cbe   0x08002cbe   0x00000002   PAD
    0x08002cc0   0x08002cc0   0x000002c8   Code   RO          373    i.main              main.o
    0x08002f88   0x08002f88   0x0000005c   Code   RO          374    i.mapTimeToDeg      main.o
    0x08002fe4   0x08002fe4   0x00000018   Code   RO         3123    x$fpl$basic         fz_wm.l(basic.o)
    0x08002ffc   0x08002ffc   0x00000150   Code   RO         2991    x$fpl$dadd          fz_wm.l(daddsub_clz.o)
    0x0800314c   0x0800314c   0x000002b0   Code   RO         3205    x$fpl$ddiv          fz_wm.l(ddiv.o)
    0x080033fc   0x080033fc   0x0000005e   Code   RO         2997    x$fpl$dfix          fz_wm.l(dfix.o)
    0x0800345a   0x0800345a   0x0000002e   Code   RO         3002    x$fpl$dflt          fz_wm.l(dflt_clz.o)
    0x08003488   0x08003488   0x00000026   Code   RO         3001    x$fpl$dfltu         fz_wm.l(dflt_clz.o)
    0x080034ae   0x080034ae   0x00000002   PAD
    0x080034b0   0x080034b0   0x00000154   Code   RO         3007    x$fpl$dmul          fz_wm.l(dmul.o)
    0x08003604   0x08003604   0x0000009c   Code   RO         3125    x$fpl$dnaninf       fz_wm.l(dnaninf.o)
    0x080036a0   0x080036a0   0x0000000c   Code   RO         3127    x$fpl$dretinf       fz_wm.l(dretinf.o)
    0x080036ac   0x080036ac   0x00000016   Code   RO         2992    x$fpl$drsb          fz_wm.l(daddsub_clz.o)
    0x080036c2   0x080036c2   0x00000002   PAD
    0x080036c4   0x080036c4   0x000001d4   Code   RO         2993    x$fpl$dsub          fz_wm.l(daddsub_clz.o)
    0x08003898   0x08003898   0x0000000a   Code   RO         3208    x$fpl$fpinit        fz_wm.l(fpinit.o)
    0x080038a2   0x080038a2   0x00000000   Code   RO         3129    x$fpl$usenofp       fz_wm.l(usenofp.o)
    0x080038a2   0x080038a2   0x00000073   Data   RO           46    .constdata          st7735.o
    0x08003915   0x08003915   0x00000001   PAD
    0x08003916   0x08003916   0x00000d5c   Data   RO          348    .constdata          fonts.o
    0x08004672   0x08004672   0x0000134c   Data   RO          349    .constdata          fonts.o
    0x080059be   0x080059be   0x00000010   Data   RO         2854    .constdata          system_stm32f4xx.o
    0x080059ce   0x080059ce   0x00000002   PAD
    0x080059d0   0x080059d0   0x00000030   Data   RO         3131    .constdata          m_wm.l(cos_i.o)
    0x08005a00   0x08005a00   0x000000c8   Data   RO         3149    .constdata          m_wm.l(rred.o)
    0x08005ac8   0x08005ac8   0x00000028   Data   RO         3153    .constdata          m_wm.l(sin_i.o)
    0x08005af0   0x08005af0   0x00000020   Data   RO         3309    Region$$Table       anon$$obj.o


    Execution Region RW_IRAM2 (Exec base: 0x10000000, Load base: 0x08005b44, Size: 0x00000000, Max: 0x00010000, ABSOLUTE)

    **** No section assigned to this execution region ****


    Execution Region RW_IRAM1 (Exec base: 0x20000000, Load base: 0x08005b10, Size: 0x00000768, Max: 0x00020000, ABSOLUTE)

    Exec Addr    Load Addr    Size         Type   Attr      Idx    E Section Name        Object

    0x20000000   0x08005b10   0x0000000c   Data   RW           47    .data               st7735.o
    0x2000000c   0x08005b1c   0x00000008   Data   RW          351    .data               fonts.o
    0x20000014   0x08005b24   0x00000008   Data   RW          352    .data               fonts.o
    0x2000001c   0x08005b2c   0x00000005   Data   RW          376    .data               main.o
    0x20000021   0x08005b31   0x00000003   PAD
    0x20000024   0x08005b34   0x0000000c   Data   RW         1868    .data               stm32f4xx_hal.o
    0x20000030   0x08005b40   0x00000004   Data   RW         2856    .data               system_stm32f4xx.o
    0x20000034        -       0x000000d4   Zero   RW          375    .bss                main.o
    0x20000108        -       0x00000060   Zero   RW         3161    .bss                c_w.l(libspace.o)
    0x20000168        -       0x00000200   Zero   RW            2    HEAP                startup_stm32f407xx.o
    0x20000368        -       0x00000400   Zero   RW            1    STACK               startup_stm32f407xx.o


==============================================================================

Image component sizes


      Code (inc. data)   RO Data    RW Data    ZI Data      Debug   Object Name

         0          0       8360         16          0        970   fonts.o
      1284        196          0          5        212     680500   main.o
      1518         80        115         12          0     692053   st7735.o
        64         26        392          0       1536        832   startup_stm32f407xx.o
       180         28          0         12          0       9305   stm32f4xx_hal.o
       712         28          0          0          0       2831   stm32f4xx_hal_adc.o
       172         14          0          0          0      33186   stm32f4xx_hal_cortex.o
       516         46          0          0          0       2803   stm32f4xx_hal_gpio.o
       288         40          0          0          0       2760   stm32f4xx_hal_msp.o
      1280         48          0          0          0       3994   stm32f4xx_hal_rcc.o
       316         20          0          0          0       1360   stm32f4xx_hal_rcc_ex.o
       716         24          0          0          0       6402   stm32f4xx_hal_rtc.o
       818         12          0          0          0       4542   stm32f4xx_hal_spi.o
        20          0          0          0          0       4046   stm32f4xx_it.o
        16          4         16          4          0       1091   system_stm32f4xx.o

    ----------------------------------------------------------------------
      7912        566       8918         52       1748    1446675   Object Totals
         0          0         32          0          0          0   (incl. Generated)
        12          0          3          3          0          0   (incl. Padding)

    ----------------------------------------------------------------------

      Code (inc. data)   RO Data    RW Data    ZI Data      Debug   Library Member Name

         8          0          0          0          0         68   __main.o
       284          0          0          0          0        156   __printf_wp.o
         0          0          0          0          0          0   __rtentry.o
        12          0          0          0          0          0   __rtentry2.o
         6          0          0          0          0          0   __rtentry4.o
        52          8          0          0          0          0   __scatter.o
        26          0          0          0          0          0   __scatter_copy.o
        28          0          0          0          0          0   __scatter_zi.o
        48          6          0          0          0         96   _printf_char_common.o
         6          0          0          0          0          0   _printf_d.o
       120         16          0          0          0         92   _printf_dec.o
       178          0          0          0          0         88   _printf_intcommon.o
         0          0          0          0          0          0   _printf_percent.o
         4          0          0          0          0          0   _printf_percent_end.o
        22          0          0          0          0        100   _rserrno.o
        10          0          0          0          0         68   _sputc.o
        18          0          0          0          0         80   exit.o
         6          0          0          0          0        152   heapauxi.o
         0          0          0          0          0          0   indicate_semi.o
         2          0          0          0          0          0   libinit.o
         6          0          0          0          0          0   libinit2.o
         2          0          0          0          0          0   libshutdown.o
         2          0          0          0          0          0   libshutdown2.o
         8          4          0          0         96         68   libspace.o
       238          0          0          0          0        100   lludivv7m.o
        40          6          0          0          0         84   noretval__2sprintf.o
         8          4          0          0          0         68   rt_errno_addr_intlibspace.o
        78          0          0          0          0         80   rt_memclr_w.o
         2          0          0          0          0          0   rtexit.o
        10          0          0          0          0          0   rtexit2.o
        72          0          0          0          0         80   strcpy.o
        12          4          0          0          0         68   sys_exit.o
        74          0          0          0          0         80   sys_stackheap_outer.o
         2          0          0          0          0         68   use_no_semi.o
        24          0          0          0          0        164   basic.o
       826         16          0          0          0        492   daddsub_clz.o
       688        140          0          0          0        256   ddiv.o
        94          4          0          0          0        140   dfix.o
        84          0          0          0          0        232   dflt_clz.o
       340         12          0          0          0        152   dmul.o
       156          4          0          0          0        140   dnaninf.o
        12          0          0          0          0        116   dretinf.o
        10          0          0          0          0        116   fpinit.o
         0          0          0          0          0          0   usenofp.o
       200         20          0          0          0        164   cos.o
       368         46         48          0          0        200   cos_i.o
        84         16          0          0          0        372   dunder.o
        24          0          0          0          0        124   fabs.o
        48          0          0          0          0        124   fpclassify.o
       248          0          0          0          0        152   poly.o
      1080        142        200          0          0        188   rred.o
       200         20          0          0          0        164   sin.o
       304         24         40          0          0        208   sin_i.o

    ----------------------------------------------------------------------
      6194        492        288          0         96       5100   Library Totals
        20          0          0          0          0          0   (incl. Padding)

    ----------------------------------------------------------------------

      Code (inc. data)   RO Data    RW Data    ZI Data      Debug   Library Name

      1384         48          0          0         96       1596   c_w.l
      2234        176          0          0          0       1808   fz_wm.l
      2556        268        288          0          0       1696   m_wm.l

    ----------------------------------------------------------------------
      6194        492        288          0         96       5100   Library Totals

    ----------------------------------------------------------------------

==============================================================================


      Code (inc. data)   RO Data    RW Data    ZI Data      Debug   

     14106       1058       9206         52       1844    1442995   Grand Totals
     14106       1058       9206         52       1844    1442995   ELF Image Totals
     14106       1058       9206         52          0          0   ROM Totals

==============================================================================

    Total RO  Size (Code + RO Data)                23312 (  22.77kB)
    Total RW  Size (RW Data + ZI Data)              1896 (   1.85kB)
    Total ROM Size (Code + RO Data + RW Data)      23364 (  22.82kB)

==============================================================================

